BANK_DONOR_pin__rsi_smoothing_simple: ok fills=320 proj=ae0af4c77005 (12.5s)
BANK_DONOR_pin__warmup_ready_check: ok fills=266 proj=6b15a51a2476 (13.0s)
BANK_DONOR_pin__a_exec_set_holdings: ok fills=270 proj=1feef383379b (13.6s)
BANK_DONOR_pin__same_bar_reentry_wait_bar: ok fills=266 proj=228522ce161e (12.1s)
BANK_DONOR_pin__input_field_raw: ok fills=280 proj=a0992bfd6c15 (11.1s)
BANK_BL_01a_SMA: ok fills=270 proj=0528cbd6b458 (11.1s)
BANK_BL_01a_SMA__rsi_smoothing_simple: ok fills=320 proj=0528cbd6b458 (11.6s)
BANK_BL_01a_SMA__warmup_ready_check: ok fills=266 proj=0528cbd6b458 (11.6s)
BANK_BL_01a_SMA__a_exec_set_holdings: ok fills=270 proj=0528cbd6b458 (11.4s)
BANK_BL_01a_SMA__same_bar_reentry_wait_bar: ok fills=266 proj=0528cbd6b458 (11.5s)
BANK_BL_01a_SMA__input_field_raw: ok fills=280 proj=4e7fd9a19261 (12.5s)
BANK_BL_01a_EMA: ok fills=282 proj=e83493020ebf (13.6s)
BANK_BL_01a_EMA__rsi_smoothing_simple: ok fills=332 proj=e83493020ebf (12.7s)
BANK_BL_01a_EMA__warmup_ready_check: ok fills=282 proj=4d85e718f5f9 (13.8s)
BANK_BL_01a_EMA__a_exec_set_holdings: ok fills=282 proj=e83493020ebf (12.1s)
BANK_BL_01a_EMA__same_bar_reentry_wait_bar: ok fills=278 proj=e83493020ebf (11.8s)
BANK_BL_01a_EMA__input_field_raw: ok fills=294 proj=ada73a25682a (11.7s)
BANK_BL_01a_WMA: ok fills=314 proj=e41c137c90ae (11.6s)
BANK_BL_01a_WMA__rsi_smoothing_simple: ok fills=364 proj=e41c137c90ae (11.6s)
BANK_BL_01a_WMA__warmup_ready_check: ok fills=308 proj=11434c6e45d1 (12.9s)
BANK_BL_01a_WMA__a_exec_set_holdings: ok fills=314 proj=e41c137c90ae (13.1s)
BANK_BL_01a_WMA__same_bar_reentry_wait_bar: ok fills=310 proj=e41c137c90ae (11.9s)
BANK_BL_01a_WMA__input_field_raw: ok fills=308 proj=5c0df185da9f (12.2s)
BANK_BL_01b_p10: ok fills=628 proj=e06e9688a399 (11.7s)
BANK_BL_01b_p10__rsi_smoothing_simple: ok fills=678 proj=e06e9688a399 (12.0s)
BANK_BL_01b_p10__warmup_ready_check: ok fills=626 proj=149423975de7 (13.1s)
BANK_BL_01b_p10__a_exec_set_holdings: ok fills=628 proj=e06e9688a399 (11.9s)
BANK_BL_01b_p10__same_bar_reentry_wait_bar: ok fills=624 proj=e06e9688a399 (13.8s)
BANK_BL_01b_p10__input_field_raw: ok fills=610 proj=7eba4541f9a0 (11.4s)
BANK_BL_01b_p20: ok fills=474 proj=15e5a94e5043 (11.2s)
BANK_BL_01b_p20__rsi_smoothing_simple: ok fills=524 proj=15e5a94e5043 (12.6s)
BANK_BL_01b_p20__warmup_ready_check: ok fills=470 proj=fc7459a63e0e (12.4s)
BANK_BL_01b_p20__a_exec_set_holdings: ok fills=474 proj=15e5a94e5043 (13.1s)
BANK_BL_01b_p20__same_bar_reentry_wait_bar: ok fills=470 proj=15e5a94e5043 (12.1s)
BANK_BL_01b_p20__input_field_raw: ok fills=462 proj=21868488696e (12.2s)
BANK_BL_01b_p50: ok fills=344 proj=4e438e6e3e4a (12.5s)
BANK_BL_01b_p50__rsi_smoothing_simple: ok fills=394 proj=4e438e6e3e4a (11.4s)
BANK_BL_01b_p50__warmup_ready_check: ok fills=338 proj=c44284ae3a7f (11.3s)
BANK_BL_01b_p50__a_exec_set_holdings: ok fills=344 proj=4e438e6e3e4a (11.4s)
BANK_BL_01b_p50__same_bar_reentry_wait_bar: ok fills=340 proj=4e438e6e3e4a (11.9s)
BANK_BL_01b_p50__input_field_raw: ok fills=343 proj=e26c0b198aeb (11.4s)
BANK_BL_01b_p100: ok fills=270 proj=0528cbd6b458 (11.0s)
BANK_BL_01b_p100__rsi_smoothing_simple: ok fills=320 proj=0528cbd6b458 (12.3s)
BANK_BL_01b_p100__warmup_ready_check: ok fills=266 proj=0528cbd6b458 (13.0s)
BANK_BL_01b_p100__a_exec_set_holdings: ok fills=270 proj=0528cbd6b458 (12.5s)
BANK_BL_01b_p100__same_bar_reentry_wait_bar: ok fills=266 proj=0528cbd6b458 (12.9s)
BANK_BL_01b_p100__input_field_raw: ok fills=280 proj=4e7fd9a19261 (11.5s)
BANK_BL_01b_p200: ok fills=216 proj=2ea2be58b891 (11.3s)
BANK_BL_01b_p200__rsi_smoothing_simple: ok fills=266 proj=2ea2be58b891 (11.2s)
BANK_BL_01b_p200__warmup_ready_check: ok fills=196 proj=17dc00adfaa1 (11.3s)
BANK_BL_01b_p200__a_exec_set_holdings: ok fills=216 proj=2ea2be58b891 (11.0s)
BANK_BL_01b_p200__same_bar_reentry_wait_bar: ok fills=212 proj=2ea2be58b891 (11.6s)
BANK_BL_01b_p200__input_field_raw: ok fills=215 proj=b30d3f6d80a7 (11.1s)
BANK_BL_01c_SMA10: ok fills=628 proj=e06e9688a399 (11.2s)
BANK_BL_01c_SMA10__rsi_smoothing_simple: ok fills=678 proj=e06e9688a399 (11.3s)
BANK_BL_01c_SMA10__warmup_ready_check: ok fills=626 proj=149423975de7 (11.5s)
BANK_BL_01c_SMA10__a_exec_set_holdings: ok fills=628 proj=e06e9688a399 (11.3s)
BANK_BL_01c_SMA10__same_bar_reentry_wait_bar: ok fills=624 proj=e06e9688a399 (11.6s)
BANK_BL_01c_SMA10__input_field_raw: ok fills=610 proj=7eba4541f9a0 (11.5s)
BANK_BL_01c_SMA20: ok fills=474 proj=15e5a94e5043 (11.6s)
BANK_BL_01c_SMA20__rsi_smoothing_simple: ok fills=524 proj=15e5a94e5043 (12.3s)
BANK_BL_01c_SMA20__warmup_ready_check: ok fills=470 proj=fc7459a63e0e (13.6s)
BANK_BL_01c_SMA20__a_exec_set_holdings: ok fills=474 proj=15e5a94e5043 (13.2s)
BANK_BL_01c_SMA20__same_bar_reentry_wait_bar: ok fills=470 proj=15e5a94e5043 (12.3s)
BANK_BL_01c_SMA20__input_field_raw: ok fills=462 proj=21868488696e (12.5s)
BANK_BL_01c_SMA50: ok fills=344 proj=4e438e6e3e4a (12.2s)
BANK_BL_01c_SMA50__rsi_smoothing_simple: ok fills=394 proj=4e438e6e3e4a (14.8s)
BANK_BL_01c_SMA50__warmup_ready_check: ok fills=338 proj=c44284ae3a7f (11.7s)
BANK_BL_01c_SMA50__a_exec_set_holdings: ok fills=344 proj=4e438e6e3e4a (11.6s)
BANK_BL_01c_SMA50__same_bar_reentry_wait_bar: ok fills=340 proj=4e438e6e3e4a (11.6s)
BANK_BL_01c_SMA50__input_field_raw: ok fills=343 proj=e26c0b198aeb (12.0s)
BANK_BL_01c_SMA100: ok fills=270 proj=0528cbd6b458 (12.0s)
BANK_BL_01c_SMA100__rsi_smoothing_simple: ok fills=320 proj=0528cbd6b458 (11.6s)
BANK_BL_01c_SMA100__warmup_ready_check: ok fills=266 proj=0528cbd6b458 (12.0s)
BANK_BL_01c_SMA100__a_exec_set_holdings: ok fills=270 proj=0528cbd6b458 (11.6s)
BANK_BL_01c_SMA100__same_bar_reentry_wait_bar: ok fills=266 proj=0528cbd6b458 (11.6s)
BANK_BL_01c_SMA100__input_field_raw: ok fills=280 proj=4e7fd9a19261 (11.5s)
BANK_BL_01c_SMA200: ok fills=216 proj=2ea2be58b891 (11.0s)
BANK_BL_01c_SMA200__rsi_smoothing_simple: ok fills=266 proj=2ea2be58b891 (11.8s)
BANK_BL_01c_SMA200__warmup_ready_check: ok fills=196 proj=17dc00adfaa1 (11.8s)
BANK_BL_01c_SMA200__a_exec_set_holdings: ok fills=216 proj=2ea2be58b891 (11.3s)
BANK_BL_01c_SMA200__same_bar_reentry_wait_bar: ok fills=212 proj=2ea2be58b891 (12.3s)
BANK_BL_01c_SMA200__input_field_raw: ok fills=215 proj=b30d3f6d80a7 (11.9s)
BANK_BL_01c_EMA10: ok fills=660 proj=05f5eaa1916e (11.2s)
BANK_BL_01c_EMA10__rsi_smoothing_simple: ok fills=710 proj=05f5eaa1916e (11.9s)
BANK_BL_01c_EMA10__warmup_ready_check: ok fills=656 proj=cacbdad45204 (11.7s)
BANK_BL_01c_EMA10__a_exec_set_holdings: ok fills=660 proj=05f5eaa1916e (11.5s)
BANK_BL_01c_EMA10__same_bar_reentry_wait_bar: ok fills=656 proj=05f5eaa1916e (11.9s)
BANK_BL_01c_EMA10__input_field_raw: ok fills=646 proj=ec4c57b55b15 (11.6s)
BANK_BL_01c_EMA20: ok fills=508 proj=27597334ab96 (12.0s)
BANK_BL_01c_EMA20__rsi_smoothing_simple: ok fills=558 proj=27597334ab96 (12.2s)
BANK_BL_01c_EMA20__warmup_ready_check: ok fills=504 proj=e5dacc4786fd (12.2s)
BANK_BL_01c_EMA20__a_exec_set_holdings: ok fills=508 proj=27597334ab96 (12.8s)
BANK_BL_01c_EMA20__same_bar_reentry_wait_bar: ok fills=504 proj=27597334ab96 (14.3s)
BANK_BL_01c_EMA20__input_field_raw: ok fills=514 proj=47c58d4acbfa (12.0s)
BANK_BL_01c_EMA50: ok fills=344 proj=c57e4db497db (12.0s)
BANK_BL_01c_EMA50__rsi_smoothing_simple: ok fills=394 proj=c57e4db497db (11.9s)
BANK_BL_01c_EMA50__warmup_ready_check: ok fills=342 proj=63a98ac570c4 (12.4s)
BANK_BL_01c_EMA50__a_exec_set_holdings: ok fills=344 proj=c57e4db497db (11.9s)
BANK_BL_01c_EMA50__same_bar_reentry_wait_bar: ok fills=340 proj=c57e4db497db (11.2s)
BANK_BL_01c_EMA50__input_field_raw: ok fills=354 proj=59a3e6554ac4 (11.3s)
BANK_BL_01c_EMA100: ok fills=282 proj=e83493020ebf (11.2s)
BANK_BL_01c_EMA100__rsi_smoothing_simple: ok fills=332 proj=e83493020ebf (11.2s)
BANK_BL_01c_EMA100__warmup_ready_check: ok fills=282 proj=4d85e718f5f9 (11.7s)
BANK_BL_01c_EMA100__a_exec_set_holdings: ok fills=282 proj=e83493020ebf (11.4s)
BANK_BL_01c_EMA100__same_bar_reentry_wait_bar: ok fills=278 proj=e83493020ebf (11.5s)
BANK_BL_01c_EMA100__input_field_raw: ok fills=294 proj=ada73a25682a (13.0s)
BANK_BL_01c_EMA200: ok fills=230 proj=03b713261111 (12.2s)
BANK_BL_01c_EMA200__rsi_smoothing_simple: ok fills=280 proj=03b713261111 (12.2s)
BANK_BL_01c_EMA200__warmup_ready_check: ok fills=212 proj=035d154a439e (11.4s)
BANK_BL_01c_EMA200__a_exec_set_holdings: ok fills=230 proj=03b713261111 (11.9s)
BANK_BL_01c_EMA200__same_bar_reentry_wait_bar: ok fills=226 proj=03b713261111 (11.7s)
BANK_BL_01c_EMA200__input_field_raw: ok fills=232 proj=2da24a1ebd83 (12.6s)
BANK_BL_01c_WMA10: ok fills=718 proj=f0ee93cc3e71 (11.8s)
BANK_BL_01c_WMA10__rsi_smoothing_simple: ok fills=768 proj=f0ee93cc3e71 (11.8s)
BANK_BL_01c_WMA10__warmup_ready_check: ok fills=716 proj=4bf034e0a211 (12.0s)
BANK_BL_01c_WMA10__a_exec_set_holdings: ok fills=718 proj=f0ee93cc3e71 (11.7s)
BANK_BL_01c_WMA10__same_bar_reentry_wait_bar: ok fills=714 proj=f0ee93cc3e71 (11.4s)
BANK_BL_01c_WMA10__input_field_raw: ok fills=712 proj=6a9dd0c54252 (11.3s)
BANK_BL_01c_WMA20: ok fills=556 proj=163ec8da3d01 (11.4s)
BANK_BL_01c_WMA20__rsi_smoothing_simple: ok fills=606 proj=163ec8da3d01 (11.4s)
BANK_BL_01c_WMA20__warmup_ready_check: ok fills=552 proj=465dc0188c2c (11.4s)
BANK_BL_01c_WMA20__a_exec_set_holdings: ok fills=556 proj=163ec8da3d01 (11.2s)
BANK_BL_01c_WMA20__same_bar_reentry_wait_bar: ok fills=552 proj=163ec8da3d01 (11.2s)
BANK_BL_01c_WMA20__input_field_raw: ok fills=544 proj=80c9b19a412f (11.1s)
BANK_BL_01c_WMA50: ok fills=392 proj=eee754086ee5 (11.5s)
BANK_BL_01c_WMA50__rsi_smoothing_simple: ok fills=442 proj=eee754086ee5 (11.9s)
BANK_BL_01c_WMA50__warmup_ready_check: ok fills=382 proj=d99415707a46 (12.5s)
BANK_BL_01c_WMA50__a_exec_set_holdings: ok fills=392 proj=eee754086ee5 (12.4s)
BANK_BL_01c_WMA50__same_bar_reentry_wait_bar: ok fills=388 proj=eee754086ee5 (11.4s)
BANK_BL_01c_WMA50__input_field_raw: ok fills=397 proj=c0f4fd8ab595 (11.3s)
BANK_BL_01c_WMA100: ok fills=314 proj=e41c137c90ae (11.5s)
BANK_BL_01c_WMA100__rsi_smoothing_simple: ok fills=364 proj=e41c137c90ae (11.5s)
BANK_BL_01c_WMA100__warmup_ready_check: ok fills=308 proj=11434c6e45d1 (12.3s)
BANK_BL_01c_WMA100__a_exec_set_holdings: ok fills=314 proj=e41c137c90ae (11.7s)
BANK_BL_01c_WMA100__same_bar_reentry_wait_bar: ok fills=310 proj=e41c137c90ae (11.8s)
BANK_BL_01c_WMA100__input_field_raw: ok fills=308 proj=5c0df185da9f (11.9s)
BANK_BL_01c_WMA200: ok fills=268 proj=dd49769f972d (11.9s)
BANK_BL_01c_WMA200__rsi_smoothing_simple: ok fills=318 proj=dd49769f972d (12.0s)
BANK_BL_01c_WMA200__warmup_ready_check: ok fills=240 proj=34d79090cf22 (12.1s)
BANK_BL_01c_WMA200__a_exec_set_holdings: ok fills=268 proj=dd49769f972d (12.0s)
BANK_BL_01c_WMA200__same_bar_reentry_wait_bar: ok fills=264 proj=dd49769f972d (12.2s)
BANK_BL_01c_WMA200__input_field_raw: ok fills=262 proj=97993407b13c (12.0s)
BANK_CROSS_conv_reent: ok fills=270 proj=0528cbd6b458 (14.1s)
BANK_CROSS_conv_reent__rsi_smoothing_simple: ok fills=320 proj=0528cbd6b458 (14.0s)
BANK_CROSS_conv_reent__warmup_ready_check: ok fills=266 proj=0528cbd6b458 (12.3s)
BANK_CROSS_conv_reent__a_exec_set_holdings: ok fills=270 proj=0528cbd6b458 (11.8s)
BANK_CROSS_conv_reent__input_field_raw: ok fills=280 proj=4e7fd9a19261 (11.8s)
BANK_CROSS_conv_wait: ok fills=266 proj=0528cbd6b458 (11.7s)
BANK_CROSS_conv_wait__rsi_smoothing_simple: ok fills=306 proj=0528cbd6b458 (12.5s)
BANK_CROSS_conv_wait__warmup_ready_check: ok fills=262 proj=0528cbd6b458 (12.4s)
BANK_CROSS_conv_wait__a_exec_set_holdings: ok fills=266 proj=0528cbd6b458 (11.2s)
BANK_CROSS_conv_wait__input_field_raw: ok fills=278 proj=4e7fd9a19261 (11.3s)
BANK_CROSS_inv_reent: ok fills=271 proj=acfe67af4d37 (11.2s)
BANK_CROSS_inv_reent__rsi_smoothing_simple: ok fills=321 proj=acfe67af4d37 (11.1s)
BANK_CROSS_inv_reent__warmup_ready_check: ok fills=265 proj=1431b309b3a9 (11.3s)
BANK_CROSS_inv_reent__a_exec_set_holdings: ok fills=271 proj=acfe67af4d37 (11.0s)
BANK_CROSS_inv_reent__input_field_raw: ok fills=281 proj=594c081f92c7 (11.1s)
BANK_CROSS_inv_wait: ok fills=267 proj=acfe67af4d37 (10.9s)
BANK_CROSS_inv_wait__rsi_smoothing_simple: ok fills=307 proj=acfe67af4d37 (11.0s)
BANK_CROSS_inv_wait__warmup_ready_check: ok fills=261 proj=1431b309b3a9 (11.0s)
BANK_CROSS_inv_wait__a_exec_set_holdings: ok fills=267 proj=acfe67af4d37 (11.1s)
BANK_CROSS_inv_wait__input_field_raw: ok fills=279 proj=594c081f92c7 (11.3s)
BANK_CROSS_sym_reent: ok fills=386 proj=145a3fd0f73a (11.2s)
BANK_CROSS_sym_reent__rsi_smoothing_simple: ok fills=436 proj=145a3fd0f73a (11.2s)
BANK_CROSS_sym_reent__warmup_ready_check: ok fills=380 proj=b89d7eca9de8 (11.5s)
BANK_CROSS_sym_reent__a_exec_set_holdings: ok fills=386 proj=145a3fd0f73a (11.0s)
BANK_CROSS_sym_reent__input_field_raw: ok fills=416 proj=8d07e727b192 (11.0s)
BANK_CROSS_sym_wait: ok fills=267 proj=acfe67af4d37 (10.9s)
BANK_CROSS_sym_wait__rsi_smoothing_simple: ok fills=307 proj=acfe67af4d37 (10.9s)
BANK_CROSS_sym_wait__warmup_ready_check: ok fills=262 proj=0528cbd6b458 (11.0s)
BANK_CROSS_sym_wait__a_exec_set_holdings: ok fills=267 proj=acfe67af4d37 (11.1s)
BANK_CROSS_sym_wait__input_field_raw: ok fills=279 proj=594c081f92c7 (11.3s)
BANK_BL_03_pct10: ok fills=270 proj=38c1cf32aa3e (11.3s)
BANK_BL_03_pct10__rsi_smoothing_simple: ok fills=320 proj=f3ebbf914026 (11.2s)
BANK_BL_03_pct10__warmup_ready_check: ok fills=266 proj=a40a97c9a485 (11.5s)
BANK_BL_03_pct10__a_exec_set_holdings: ok fills=270 proj=e19221ccfb53 (11.3s)
BANK_BL_03_pct10__same_bar_reentry_wait_bar: ok fills=266 proj=3674667def2f (11.2s)
BANK_BL_03_pct10__input_field_raw: ok fills=280 proj=fcd456ec1a76 (11.5s)
BANK_BL_03_pct20: ok fills=270 proj=e9d0adaf0501 (11.2s)
BANK_BL_03_pct20__rsi_smoothing_simple: ok fills=320 proj=bf154f77a3ff (11.0s)
BANK_BL_03_pct20__warmup_ready_check: ok fills=266 proj=d9dabc7406c2 (11.2s)
BANK_BL_03_pct20__a_exec_set_holdings: ok fills=270 proj=d57b192ca7c3 (11.4s)
BANK_BL_03_pct20__same_bar_reentry_wait_bar: ok fills=266 proj=0844b245bbe1 (12.6s)
BANK_BL_03_pct20__input_field_raw: ok fills=280 proj=3bfc0606b2d2 (12.2s)
BANK_BL_03_pct25: ok fills=270 proj=d0f61324e2f1 (11.2s)
BANK_BL_03_pct25__rsi_smoothing_simple: ok fills=320 proj=b3b56367cb69 (11.3s)
BANK_BL_03_pct25__warmup_ready_check: ok fills=266 proj=bfd9ba098af8 (11.0s)
BANK_BL_03_pct25__a_exec_set_holdings: ok fills=270 proj=6efa6dbb4820 (11.3s)
BANK_BL_03_pct25__same_bar_reentry_wait_bar: ok fills=266 proj=6231202423e4 (11.9s)
BANK_BL_03_pct25__input_field_raw: ok fills=280 proj=ac7e7c8b4ebd (11.0s)
BANK_BL_03_pct40: ok fills=270 proj=f99144da2f3b (10.9s)
BANK_BL_03_pct40__rsi_smoothing_simple: ok fills=320 proj=e929f1deff95 (11.0s)
BANK_BL_03_pct40__warmup_ready_check: ok fills=266 proj=34eea6ac1479 (11.9s)
BANK_BL_03_pct40__a_exec_set_holdings: ok fills=270 proj=05314094d7ab (10.8s)
BANK_BL_03_pct40__same_bar_reentry_wait_bar: ok fills=266 proj=967c39596c3d (11.2s)
BANK_BL_03_pct40__input_field_raw: ok fills=280 proj=6b59249584a5 (11.3s)
BANK_BL_03_pct50: ok fills=270 proj=c4b8342d4ebe (12.6s)
BANK_BL_03_pct50__rsi_smoothing_simple: ok fills=320 proj=fcb6bc14e1e3 (11.3s)
BANK_BL_03_pct50__warmup_ready_check: ok fills=266 proj=ebf522a23216 (11.6s)
BANK_BL_03_pct50__a_exec_set_holdings: ok fills=270 proj=0349d431de64 (11.3s)
BANK_BL_03_pct50__same_bar_reentry_wait_bar: ok fills=266 proj=3603dd4e6b9f (11.1s)
BANK_BL_03_pct50__input_field_raw: ok fills=280 proj=bcd3edd16353 (11.2s)
BANK_BL_03_pct100: ok fills=171 proj=97652f0d9418 (11.3s)
BANK_BL_03_pct100__rsi_smoothing_simple: ok fills=201 proj=e7d2d60f3c1e (11.2s)
BANK_BL_03_pct100__warmup_ready_check: ok fills=167 proj=96e6586d2a4d (11.0s)
BANK_BL_03_pct100__a_exec_set_holdings: ok fills=171 proj=9e246caed119 (11.0s)
BANK_BL_03_pct100__same_bar_reentry_wait_bar: ok fills=171 proj=97652f0d9418 (11.1s)
BANK_BL_03_pct100__input_field_raw: ok fills=202 proj=cbb7da98b11c (11.1s)
BANK_BL_04_prev_close: ok fills=270 proj=14ea1d2f37fb (11.1s)
BANK_BL_04_prev_close__rsi_smoothing_simple: ok fills=320 proj=13e5452843bf (11.0s)
BANK_BL_04_prev_close__warmup_ready_check: ok fills=266 proj=f82d96b4aecc (10.9s)
BANK_BL_04_prev_close__a_exec_set_holdings: ok fills=270 proj=14ea1d2f37fb (10.9s)
BANK_BL_04_prev_close__same_bar_reentry_wait_bar: ok fills=266 proj=ba2b4e66562d (11.1s)
BANK_BL_04_prev_close__input_field_raw: ok fills=280 proj=f06b8b648b25 (11.0s)
BANK_BL_04_open_close: ok fills=306 proj=8c6cef00dc6c (11.1s)
BANK_BL_04_open_close__rsi_smoothing_simple: ok fills=356 proj=157a3a1ac240 (11.3s)
BANK_BL_04_open_close__warmup_ready_check: ok fills=300 proj=4b0704ad8f86 (11.3s)
BANK_BL_04_open_close__a_exec_set_holdings: ok fills=306 proj=8c6cef00dc6c (11.3s)
BANK_BL_04_open_close__same_bar_reentry_wait_bar: ok fills=288 proj=e48187c28626 (11.2s)
BANK_BL_04_open_close__input_field_raw: ok fills=314 proj=17e3bc72387d (11.3s)
BANK_BL_04_prev_close_le: ok fills=270 proj=75b8c7e6b21a (11.1s)
BANK_BL_04_prev_close_le__rsi_smoothing_simple: ok fills=320 proj=a6ef44861fc0 (10.9s)
BANK_BL_04_prev_close_le__warmup_ready_check: ok fills=266 proj=fd83b305a72e (10.8s)
BANK_BL_04_prev_close_le__a_exec_set_holdings: ok fills=270 proj=75b8c7e6b21a (10.9s)
BANK_BL_04_prev_close_le__same_bar_reentry_wait_bar: ok fills=266 proj=1f050a385e99 (11.1s)
BANK_BL_04_prev_close_le__input_field_raw: ok fills=280 proj=c44be90423a0 (11.1s)
BANK_BL_05_d2: ok fills=416 proj=203bfdfb562f (11.1s)
BANK_BL_05_d2__rsi_smoothing_simple: ok fills=516 proj=486b564d080f (11.1s)
BANK_BL_05_d2__warmup_ready_check: ok fills=410 proj=a4907a2e7bcb (11.4s)
BANK_BL_05_d2__a_exec_set_holdings: ok fills=416 proj=203bfdfb562f (11.3s)
BANK_BL_05_d2__same_bar_reentry_wait_bar: ok fills=390 proj=9ebddbe1ace7 (11.5s)
BANK_BL_05_d2__input_field_raw: ok fills=420 proj=04e7dba72e25 (11.1s)
BANK_BL_05_d3: ok fills=270 proj=14ea1d2f37fb (11.4s)
BANK_BL_05_d3__rsi_smoothing_simple: ok fills=320 proj=13e5452843bf (11.2s)
BANK_BL_05_d3__warmup_ready_check: ok fills=266 proj=f82d96b4aecc (11.2s)
BANK_BL_05_d3__a_exec_set_holdings: ok fills=270 proj=14ea1d2f37fb (12.0s)
BANK_BL_05_d3__same_bar_reentry_wait_bar: ok fills=266 proj=ba2b4e66562d (11.4s)
BANK_BL_05_d3__input_field_raw: ok fills=280 proj=f06b8b648b25 (11.0s)
BANK_BL_05_d4: ok fills=194 proj=f433af9b469d (11.0s)
BANK_BL_05_d4__rsi_smoothing_simple: ok fills=223 proj=c5a3da29061b (11.2s)
BANK_BL_05_d4__warmup_ready_check: ok fills=190 proj=298c029c3cfb (11.6s)
BANK_BL_05_d4__a_exec_set_holdings: ok fills=194 proj=f433af9b469d (11.2s)
BANK_BL_05_d4__same_bar_reentry_wait_bar: ok fills=194 proj=f433af9b469d (10.7s)
BANK_BL_05_d4__input_field_raw: ok fills=210 proj=54fea095933a (10.8s)
BANK_BL_05_d5: ok fills=154 proj=50552e397bc8 (10.9s)
BANK_BL_05_d5__rsi_smoothing_simple: ok fills=161 proj=e5548bd115b2 (10.9s)
BANK_BL_05_d5__warmup_ready_check: ok fills=150 proj=db24ffadfb87 (10.9s)
BANK_BL_05_d5__a_exec_set_holdings: ok fills=154 proj=50552e397bc8 (11.1s)
BANK_BL_05_d5__same_bar_reentry_wait_bar: ok fills=154 proj=50552e397bc8 (12.3s)
BANK_BL_05_d5__input_field_raw: ok fills=174 proj=50552e397bc8 (12.5s)
BANK_BL_06_skip: ok fills=270 proj=e0903563c6b2 (11.1s)
BANK_BL_06_skip__rsi_smoothing_simple: ok fills=320 proj=974fccc6adf3 (11.3s)
BANK_BL_06_skip__warmup_ready_check: ok fills=266 proj=5b98bf4dd98a (11.3s)
BANK_BL_06_skip__a_exec_set_holdings: ok fills=270 proj=e0903563c6b2 (11.3s)
BANK_BL_06_skip__same_bar_reentry_wait_bar: ok fills=266 proj=6200fd70f7a3 (11.4s)
BANK_BL_06_skip__input_field_raw: ok fills=280 proj=540b56392fe3 (11.1s)
BANK_BL_06_partial: ok fills=270 proj=e0903563c6b2 (11.2s)
BANK_BL_06_partial__rsi_smoothing_simple: ok fills=320 proj=974fccc6adf3 (11.4s)
BANK_BL_06_partial__warmup_ready_check: ok fills=266 proj=5b98bf4dd98a (11.2s)
BANK_BL_06_partial__a_exec_set_holdings: ok fills=270 proj=e0903563c6b2 (11.2s)
BANK_BL_06_partial__same_bar_reentry_wait_bar: ok fills=266 proj=6200fd70f7a3 (11.3s)
BANK_BL_06_partial__input_field_raw: ok fills=280 proj=540b56392fe3 (11.1s)
BANK_BL_06_nocheck: ok fills=270 proj=e0903563c6b2 (11.1s)
BANK_BL_06_nocheck__rsi_smoothing_simple: ok fills=320 proj=974fccc6adf3 (12.1s)
BANK_BL_06_nocheck__warmup_ready_check: ok fills=266 proj=5b98bf4dd98a (11.3s)
BANK_BL_06_nocheck__a_exec_set_holdings: ok fills=270 proj=e0903563c6b2 (11.7s)
BANK_BL_06_nocheck__same_bar_reentry_wait_bar: ok fills=266 proj=6200fd70f7a3 (12.3s)
BANK_BL_06_nocheck__input_field_raw: ok fills=280 proj=540b56392fe3 (12.2s)
BANK_BL_07_p7: ok fills=302 proj=c5815d70988c (11.9s)
BANK_BL_07_p7__rsi_smoothing_simple: ok fills=324 proj=ec059db4844f (12.2s)
BANK_BL_07_p7__warmup_ready_check: ok fills=298 proj=5278c1000421 (12.0s)
BANK_BL_07_p7__a_exec_set_holdings: ok fills=302 proj=c5815d70988c (12.6s)
BANK_BL_07_p7__same_bar_reentry_wait_bar: ok fills=300 proj=5c0c67bffbea (11.8s)
BANK_BL_07_p7__input_field_raw: ok fills=316 proj=a3b49cc4fb4f (11.5s)
BANK_BL_07_p9: ok fills=292 proj=fd8d22f5937a (11.4s)
BANK_BL_07_p9__rsi_smoothing_simple: ok fills=314 proj=2fa7ac1a2d3b (11.5s)
BANK_BL_07_p9__warmup_ready_check: ok fills=288 proj=92a1cbd319e9 (11.7s)
BANK_BL_07_p9__a_exec_set_holdings: ok fills=292 proj=fd8d22f5937a (11.6s)
BANK_BL_07_p9__same_bar_reentry_wait_bar: ok fills=290 proj=7bd53ff78af0 (11.5s)
BANK_BL_07_p9__input_field_raw: ok fills=308 proj=d12b826023a3 (12.5s)
BANK_BL_07_p14: ok fills=270 proj=86ffe3802c5c (12.2s)
BANK_BL_07_p14__rsi_smoothing_simple: ok fills=320 proj=f354fec14c7c (15.0s)
BANK_BL_07_p14__warmup_ready_check: ok fills=266 proj=4d07377748be (15.4s)
BANK_BL_07_p14__a_exec_set_holdings: ok fills=270 proj=86ffe3802c5c (13.1s)
BANK_BL_07_p14__same_bar_reentry_wait_bar: ok fills=266 proj=9c36e46b823f (12.7s)
BANK_BL_07_p14__input_field_raw: ok fills=280 proj=a0a6614f1417 (12.5s)
BANK_BL_07_p21: ok fills=256 proj=1ba0857f982d (11.9s)
BANK_BL_07_p21__rsi_smoothing_simple: ok fills=282 proj=894c506323eb (12.2s)
BANK_BL_07_p21__warmup_ready_check: ok fills=256 proj=1ba0857f982d (11.8s)
BANK_BL_07_p21__a_exec_set_holdings: ok fills=256 proj=1ba0857f982d (14.0s)
BANK_BL_07_p21__same_bar_reentry_wait_bar: ok fills=252 proj=cdc768eb2ed0 (16.4s)
BANK_BL_07_p21__input_field_raw: ok fills=264 proj=8dae5892e7a1 (15.9s)
BANK_BL_08_t50: ok fills=370 proj=1ccb5047094a (16.5s)
BANK_BL_08_t50__rsi_smoothing_simple: ok fills=402 proj=416ac2fcf478 (14.1s)
BANK_BL_08_t50__warmup_ready_check: ok fills=358 proj=f81e2e69e0f4 (12.3s)
BANK_BL_08_t50__a_exec_set_holdings: ok fills=370 proj=1ccb5047094a (11.7s)
BANK_BL_08_t50__same_bar_reentry_wait_bar: ok fills=346 proj=4e8becd4eb25 (11.7s)
BANK_BL_08_t50__input_field_raw: ok fills=378 proj=d6946fa6d118 (13.0s)
BANK_BL_08_t60: ok fills=270 proj=86ffe3802c5c (12.6s)
BANK_BL_08_t60__rsi_smoothing_simple: ok fills=320 proj=f354fec14c7c (12.2s)
BANK_BL_08_t60__warmup_ready_check: ok fills=266 proj=4d07377748be (14.4s)
BANK_BL_08_t60__a_exec_set_holdings: ok fills=270 proj=86ffe3802c5c (12.6s)
BANK_BL_08_t60__same_bar_reentry_wait_bar: ok fills=266 proj=9c36e46b823f (12.4s)
BANK_BL_08_t60__input_field_raw: ok fills=280 proj=a0a6614f1417 (12.3s)
BANK_BL_08_t70: ok fills=202 proj=558cf765f7d2 (12.4s)
BANK_BL_08_t70__rsi_smoothing_simple: ok fills=248 proj=f0ec40036aed (11.5s)
BANK_BL_08_t70__warmup_ready_check: ok fills=202 proj=558cf765f7d2 (11.1s)
BANK_BL_08_t70__a_exec_set_holdings: ok fills=202 proj=558cf765f7d2 (11.1s)
BANK_BL_08_t70__same_bar_reentry_wait_bar: ok fills=202 proj=558cf765f7d2 (11.7s)
BANK_BL_08_t70__input_field_raw: ok fills=216 proj=fee98bd67f53 (11.1s)
BANK_BL_08_t80: ok fills=144 proj=8013e799a778 (11.3s)
BANK_BL_08_t80__rsi_smoothing_simple: ok fills=192 proj=b7de6177e83b (11.5s)
BANK_BL_08_t80__warmup_ready_check: ok fills=144 proj=8013e799a778 (11.5s)
BANK_BL_08_t80__a_exec_set_holdings: ok fills=144 proj=8013e799a778 (11.2s)
BANK_BL_08_t80__same_bar_reentry_wait_bar: ok fills=144 proj=8013e799a778 (11.7s)
BANK_BL_08_t80__input_field_raw: ok fills=162 proj=93fcb0eebb55 (11.7s)
BANK_BL_09_all: ok fills=270 proj=f99144da2f3b (11.5s)
BANK_BL_09_all__rsi_smoothing_simple: ok fills=320 proj=e929f1deff95 (11.5s)
BANK_BL_09_all__warmup_ready_check: ok fills=266 proj=34eea6ac1479 (11.5s)
BANK_BL_09_all__a_exec_set_holdings: ok fills=270 proj=05314094d7ab (11.3s)
BANK_BL_09_all__same_bar_reentry_wait_bar: ok fills=266 proj=967c39596c3d (11.5s)
BANK_BL_09_all__input_field_raw: ok fills=280 proj=6b59249584a5 (11.7s)
BANK_BL_09_half_down_lastsell: ok fills=217 proj=c3bd1049ca77 (12.0s)
BANK_BL_09_half_down_lastsell__rsi_smoothing_simple: ok fills=267 proj=d1efc0556b2e (12.6s)
BANK_BL_09_half_down_lastsell__warmup_ready_check: ok fills=213 proj=a3f4f571d1fe (11.1s)
BANK_BL_09_half_down_lastsell__a_exec_set_holdings: ok fills=217 proj=de74286171de (11.6s)
BANK_BL_09_half_down_lastsell__same_bar_reentry_wait_bar: ok fills=213 proj=6f315c937ee3 (11.8s)
BANK_BL_09_half_down_lastsell__input_field_raw: ok fills=218 proj=5a0d2e9fac20 (11.8s)
BANK_BL_09_half_down_hold: ok fills=169 proj=6f2939f133fb (11.5s)
BANK_BL_09_half_down_hold__rsi_smoothing_simple: ok fills=219 proj=14be279ceaa1 (11.3s)
BANK_BL_09_half_down_hold__warmup_ready_check: ok fills=165 proj=0497d058b2f4 (11.3s)
BANK_BL_09_half_down_hold__a_exec_set_holdings: ok fills=169 proj=b6eca21679f1 (13.3s)
BANK_BL_09_half_down_hold__same_bar_reentry_wait_bar: ok fills=165 proj=6f2939f133fb (12.8s)
BANK_BL_09_half_down_hold__input_field_raw: ok fills=158 proj=7cf252cf843f (11.6s)
BANK_BL_09_half_up: ok fills=217 proj=c3ac15f484ea (11.3s)
BANK_BL_09_half_up__rsi_smoothing_simple: ok fills=267 proj=ea4b0f4ecf10 (11.8s)
BANK_BL_09_half_up__warmup_ready_check: ok fills=213 proj=08a84debcbfc (11.4s)
BANK_BL_09_half_up__a_exec_set_holdings: ok fills=217 proj=6839f87933f9 (11.3s)
BANK_BL_09_half_up__same_bar_reentry_wait_bar: ok fills=213 proj=a69a225d630b (11.2s)
BANK_BL_09_half_up__input_field_raw: ok fills=218 proj=f04f0a360c54 (11.1s)
BANK_ER_01_R1: ok fills=191 proj=8fcefc9d2fef (11.1s)
BANK_ER_01_R1__rsi_smoothing_simple: ok fills=241 proj=8fcefc9d2fef (12.3s)
BANK_ER_01_R1__warmup_ready_check: ok fills=175 proj=5795f14e21c1 (12.2s)
BANK_ER_01_R1__a_exec_set_holdings: ok fills=191 proj=8fcefc9d2fef (12.2s)
BANK_ER_01_R1__same_bar_reentry_wait_bar: ok fills=187 proj=8fcefc9d2fef (15.2s)
BANK_ER_01_R1__input_field_raw: ok fills=189 proj=1bab5169ef17 (14.9s)
BANK_ER_01_R2: ok fills=193 proj=696f7962faf7 (14.4s)
BANK_ER_01_R2__rsi_smoothing_simple: ok fills=243 proj=696f7962faf7 (18.5s)
BANK_ER_01_R2__warmup_ready_check: ok fills=175 proj=0535ec3e136b (13.8s)
BANK_ER_01_R2__a_exec_set_holdings: ok fills=193 proj=696f7962faf7 (14.2s)
BANK_ER_01_R2__same_bar_reentry_wait_bar: ok fills=185 proj=f3ba63684df2 (14.4s)
BANK_ER_01_R2__input_field_raw: ok fills=188 proj=67256ea7c87b (14.2s)
BANK_ER_01_R3: ok fills=166 proj=37f02c283303 (14.4s)
BANK_ER_01_R3__rsi_smoothing_simple: ok fills=216 proj=37f02c283303 (14.9s)
BANK_ER_01_R3__warmup_ready_check: ok fills=152 proj=dbc2c51d453d (15.1s)
BANK_ER_01_R3__a_exec_set_holdings: ok fills=166 proj=37f02c283303 (15.0s)
BANK_ER_01_R3__same_bar_reentry_wait_bar: ok fills=162 proj=37f02c283303 (15.6s)
BANK_ER_01_R3__input_field_raw: ok fills=156 proj=9fbac449def8 (13.7s)
BANK_ER_01_R4: ok fills=166 proj=77160c222fd1 (12.7s)
BANK_ER_01_R4__rsi_smoothing_simple: ok fills=216 proj=77160c222fd1 (12.2s)
BANK_ER_01_R4__warmup_ready_check: ok fills=152 proj=6ff460294b8b (12.1s)
BANK_ER_01_R4__a_exec_set_holdings: ok fills=166 proj=77160c222fd1 (12.2s)
BANK_ER_01_R4__same_bar_reentry_wait_bar: ok fills=162 proj=77160c222fd1 (11.4s)
BANK_ER_01_R4__input_field_raw: ok fills=156 proj=fb2bcdf567dd (11.5s)
BANK_ER_01_R5: ok fills=193 proj=f3fa9e3e8e96 (11.3s)
BANK_ER_01_R5__rsi_smoothing_simple: ok fills=243 proj=f3fa9e3e8e96 (11.3s)
BANK_ER_01_R5__warmup_ready_check: ok fills=175 proj=a356897abd14 (11.6s)
BANK_ER_01_R5__a_exec_set_holdings: ok fills=193 proj=f3fa9e3e8e96 (13.6s)
BANK_ER_01_R5__same_bar_reentry_wait_bar: ok fills=187 proj=7a30db4f3fb5 (11.7s)
BANK_ER_01_R5__input_field_raw: ok fills=191 proj=b7ce9385d813 (11.2s)
BANK_ER_01_R6: ok fills=172 proj=bdcf007fb790 (11.4s)
BANK_ER_01_R6__rsi_smoothing_simple: ok fills=222 proj=bdcf007fb790 (11.4s)
BANK_ER_01_R6__warmup_ready_check: ok fills=158 proj=30a3f92e1a55 (11.5s)
BANK_ER_01_R6__a_exec_set_holdings: ok fills=172 proj=bdcf007fb790 (13.2s)
BANK_ER_01_R6__same_bar_reentry_wait_bar: ok fills=168 proj=bdcf007fb790 (12.3s)
BANK_ER_01_R6__input_field_raw: ok fills=164 proj=c417fc4994b1 (11.1s)
BANK_OM_A_skip_all: ok fills=270 proj=1afb4276c8cb (12.9s)
BANK_OM_A_skip_all__rsi_smoothing_simple: ok fills=320 proj=ae0af4c77005 (20.5s)
BANK_OM_A_skip_all__warmup_ready_check: ok fills=266 proj=6b15a51a2476 (21.6s)
BANK_OM_A_skip_all__a_exec_set_holdings: ok fills=270 proj=1feef383379b (17.9s)
BANK_OM_A_skip_all__same_bar_reentry_wait_bar: ok fills=266 proj=228522ce161e (15.2s)
BANK_OM_A_skip_all__input_field_raw: ok fills=280 proj=a0992bfd6c15 (16.4s)
BANK_OM_A_no_guard: exit=1: CE:: PythonInitializer.Shutdown(): start
20260815 21:10:42.304 TRACE:: PythonInitializer.Shutdown(): calling engine 
shutdown...
20260815 21:10:45.499 TRACE:: PythonInitializer.Shutdown(): ended
20260815 21:10:45.500 TRACE:: Program.Main(): Exiting Lean...
Error: Something went wrong while running 'AxisTest' in the 'backtesting' 
environment, the output is stored in 'backtests\BANK_OM_A_no_guard'
 fills=None proj=None (9.8s)
BANK_OM_A_no_guard__rsi_smoothing_simple: exit=1: Shutdown(): start
20260815 21:10:52.308 TRACE:: PythonInitializer.Shutdown(): calling engine 
shutdown...
20260815 21:10:55.957 TRACE:: PythonInitializer.Shutdown(): ended
20260815 21:10:55.957 TRACE:: Program.Main(): Exiting Lean...
Error: Something went wrong while running 'AxisTest' in the 'backtesting' 
environment, the output is stored in 
'backtests\BANK_OM_A_no_guard__rsi_smoothing_simple'
 fills=None proj=None (10.4s)
BANK_OM_A_no_guard__warmup_ready_check: exit=1: r.Shutdown(): start
20260815 21:11:04.193 TRACE:: PythonInitializer.Shutdown(): calling engine 
shutdown...
20260815 21:11:08.916 TRACE:: PythonInitializer.Shutdown(): ended
20260815 21:11:08.917 TRACE:: Program.Main(): Exiting Lean...
Error: Something went wrong while running 'AxisTest' in the 'backtesting' 
environment, the output is stored in 
'backtests\BANK_OM_A_no_guard__warmup_ready_check'
 fills=None proj=None (13.1s)
BANK_OM_A_no_guard__a_exec_set_holdings: exit=1: .Shutdown(): start
20260815 21:11:16.849 TRACE:: PythonInitializer.Shutdown(): calling engine 
shutdown...
20260815 21:11:20.188 TRACE:: PythonInitializer.Shutdown(): ended
20260815 21:11:20.201 TRACE:: Program.Main(): Exiting Lean...
Error: Something went wrong while running 'AxisTest' in the 'backtesting' 
environment, the output is stored in 
'backtests\BANK_OM_A_no_guard__a_exec_set_holdings'
 fills=None proj=None (11.5s)
BANK_OM_A_no_guard__same_bar_reentry_wait_bar: exit=1: own(): start
20260815 21:11:29.246 TRACE:: PythonInitializer.Shutdown(): calling engine 
shutdown...
20260815 21:11:32.097 TRACE:: PythonInitializer.Shutdown(): ended
20260815 21:11:32.097 TRACE:: Program.Main(): Exiting Lean...
Error: Something went wrong while running 'AxisTest' in the 'backtesting' 
environment, the output is stored in 
'backtests\BANK_OM_A_no_guard__same_bar_reentry_wait_bar'
 fills=None proj=None (11.5s)
BANK_OM_A_no_guard__input_field_raw: exit=1: izer.Shutdown(): start
20260815 21:11:38.500 TRACE:: PythonInitializer.Shutdown(): calling engine 
shutdown...
20260815 21:11:41.285 TRACE:: PythonInitializer.Shutdown(): ended
20260815 21:11:41.286 TRACE:: Program.Main(): Exiting Lean...
Error: Something went wrong while running 'AxisTest' in the 'backtesting' 
environment, the output is stored in 
'backtests\BANK_OM_A_no_guard__input_field_raw'
 fills=None proj=None (9.2s)
BANK_OM_A_try_except: ok fills=270 proj=1afb4276c8cb (11.9s)
BANK_OM_A_try_except__rsi_smoothing_simple: ok fills=320 proj=ae0af4c77005 (11.8s)
BANK_OM_A_try_except__warmup_ready_check: ok fills=266 proj=6b15a51a2476 (13.0s)
BANK_OM_A_try_except__a_exec_set_holdings: ok fills=270 proj=1feef383379b (11.7s)
BANK_OM_A_try_except__same_bar_reentry_wait_bar: ok fills=266 proj=228522ce161e (12.5s)
BANK_OM_A_try_except__input_field_raw: ok fills=280 proj=a0992bfd6c15 (14.2s)
BANK_OM_A_per_ticker: ok fills=270 proj=1afb4276c8cb (17.5s)
BANK_OM_A_per_ticker__rsi_smoothing_simple: ok fills=320 proj=ae0af4c77005 (18.7s)
BANK_OM_A_per_ticker__warmup_ready_check: ok fills=266 proj=6b15a51a2476 (17.1s)
BANK_OM_A_per_ticker__a_exec_set_holdings: ok fills=270 proj=1feef383379b (16.6s)
BANK_OM_A_per_ticker__same_bar_reentry_wait_bar: ok fills=266 proj=228522ce161e (14.5s)
BANK_OM_A_per_ticker__input_field_raw: ok fills=280 proj=a0992bfd6c15 (12.9s)
BANK_OM_B_private: ok fills=270 proj=1afb4276c8cb (13.0s)
BANK_OM_B_private__rsi_smoothing_simple: ok fills=320 proj=ae0af4c77005 (11.8s)
BANK_OM_B_private__warmup_ready_check: ok fills=266 proj=6b15a51a2476 (11.2s)
BANK_OM_B_private__a_exec_set_holdings: ok fills=270 proj=1feef383379b (11.0s)
BANK_OM_B_private__same_bar_reentry_wait_bar: ok fills=266 proj=228522ce161e (11.3s)
BANK_OM_B_private__input_field_raw: ok fills=280 proj=a0992bfd6c15 (11.0s)
BANK_OM_B_shared: ok fills=266 proj=228522ce161e (11.8s)
BANK_OM_B_shared__rsi_smoothing_simple: ok fills=306 proj=2859243d7a58 (11.1s)
BANK_OM_B_shared__warmup_ready_check: ok fills=262 proj=e2e3c10ff3b0 (11.0s)
BANK_OM_B_shared__a_exec_set_holdings: ok fills=266 proj=ef1a2827f4b4 (11.0s)
BANK_OM_B_shared__same_bar_reentry_wait_bar: ok fills=266 proj=228522ce161e (10.9s)
BANK_OM_B_shared__input_field_raw: ok fills=278 proj=a42e574c5a1a (11.7s)
BANK_OM_B_netting: ok fills=448 proj=dd811e3b35f7 (11.6s)
BANK_OM_B_netting__rsi_smoothing_simple: ok fills=473 proj=ceec0b141f6e (11.2s)
BANK_OM_B_netting__warmup_ready_check: ok fills=428 proj=8326c9e0fb04 (11.0s)
BANK_OM_B_netting__a_exec_set_holdings: ok fills=448 proj=9d379cee588c (10.9s)
BANK_OM_B_netting__same_bar_reentry_wait_bar: ok fills=443 proj=7ffcaac40d90 (10.8s)
BANK_OM_B_netting__input_field_raw: ok fills=463 proj=7ccadce11b07 (10.8s)
BANK_OM_C_parallel: ok fills=270 proj=1afb4276c8cb (10.8s)
BANK_OM_C_parallel__rsi_smoothing_simple: ok fills=320 proj=ae0af4c77005 (10.9s)
BANK_OM_C_parallel__warmup_ready_check: ok fills=266 proj=6b15a51a2476 (11.0s)
BANK_OM_C_parallel__a_exec_set_holdings: ok fills=270 proj=1feef383379b (10.9s)
BANK_OM_C_parallel__same_bar_reentry_wait_bar: ok fills=266 proj=228522ce161e (10.8s)
BANK_OM_C_parallel__input_field_raw: ok fills=280 proj=a0992bfd6c15 (10.7s)
BANK_OM_C_race: ok fills=131 proj=95fe03700695 (10.7s)
BANK_OM_C_race__rsi_smoothing_simple: timeout fills=179 proj=5458d053a606 (11248.9s)
BANK_OM_C_race__warmup_ready_check: ok fills=127 proj=ea04f34886bf (15.2s)
BANK_OM_C_race__a_exec_set_holdings: ok fills=131 proj=dce9f6beaada (13.3s)
BANK_OM_C_race__same_bar_reentry_wait_bar: ok fills=131 proj=95fe03700695 (14.1s)
BANK_OM_C_race__input_field_raw: ok fills=155 proj=3270b028f44d (17.1s)
BANK_OM_C_sequence: ok fills=91 proj=b3d45912792e (14.6s)
BANK_OM_C_sequence__rsi_smoothing_simple: ok fills=94 proj=706dccd57b6d (15.7s)
BANK_OM_C_sequence__warmup_ready_check: ok fills=91 proj=b3d45912792e (14.2s)
BANK_OM_C_sequence__a_exec_set_holdings: ok fills=91 proj=7037a510c9f0 (13.1s)
BANK_OM_C_sequence__same_bar_reentry_wait_bar: ok fills=91 proj=b3d45912792e (13.0s)
BANK_OM_C_sequence__input_field_raw: ok fills=111 proj=22ead6dcd87f (13.2s)
BANK_PX_01_c5000: ok fills=270 proj=819de7dcb38d (13.9s)
BANK_PX_01_c5000__rsi_smoothing_simple: ok fills=320 proj=6a18e4bee2f0 (15.9s)
BANK_PX_01_c5000__warmup_ready_check: ok fills=266 proj=eb93eebae4f9 (14.5s)
BANK_PX_01_c5000__a_exec_set_holdings: ok fills=270 proj=819de7dcb38d (16.5s)
BANK_PX_01_c5000__same_bar_reentry_wait_bar: ok fills=266 proj=ec9801b003b9 (16.4s)
BANK_PX_01_c5000__input_field_raw: ok fills=280 proj=e5a898182157 (15.2s)
BANK_PX_01_c10000: ok fills=270 proj=2ab8f1523c7c (15.6s)
BANK_PX_01_c10000__rsi_smoothing_simple: ok fills=320 proj=029d35dca317 (16.0s)
BANK_PX_01_c10000__warmup_ready_check: ok fills=266 proj=c3b640f96d37 (14.9s)
BANK_PX_01_c10000__a_exec_set_holdings: ok fills=270 proj=2ab8f1523c7c (15.0s)
BANK_PX_01_c10000__same_bar_reentry_wait_bar: ok fills=266 proj=4df772adcd7b (14.7s)
BANK_PX_01_c10000__input_field_raw: ok fills=280 proj=2318689e776e (15.1s)
BANK_PX_01_c20000: ok fills=270 proj=e0903563c6b2 (14.6s)
BANK_PX_01_c20000__rsi_smoothing_simple: ok fills=320 proj=974fccc6adf3 (15.7s)
BANK_PX_01_c20000__warmup_ready_check: ok fills=266 proj=5b98bf4dd98a (16.7s)
BANK_PX_01_c20000__a_exec_set_holdings: ok fills=270 proj=e0903563c6b2 (15.5s)
BANK_PX_01_c20000__same_bar_reentry_wait_bar: ok fills=266 proj=6200fd70f7a3 (15.1s)
BANK_PX_01_c20000__input_field_raw: ok fills=280 proj=540b56392fe3 (15.0s)
BANK_PX_01_c50000: ok fills=270 proj=706f16a6efd7 (14.5s)
BANK_PX_01_c50000__rsi_smoothing_simple: ok fills=320 proj=ac7014647a40 (17.3s)
BANK_PX_01_c50000__warmup_ready_check: ok fills=266 proj=aa97e77efc3d (16.0s)
BANK_PX_01_c50000__a_exec_set_holdings: ok fills=270 proj=706f16a6efd7 (16.3s)
BANK_PX_01_c50000__same_bar_reentry_wait_bar: ok fills=266 proj=44ccaef6d89e (16.9s)
BANK_PX_01_c50000__input_field_raw: ok fills=280 proj=2e69e8a1a714 (17.0s)

=== GATE REPORT (SS4.3) ===
DONOR: 1/1 run, 1 distinct non-degenerate classes -> FAIL  DOF-conditioned on ['dof_a_exec', 'dof_input_field', 'dof_rsi_smoothing', 'dof_same_bar_reentry', 'dof_warmup']
BL-01a: 3/3 run, 3 distinct non-degenerate classes -> PASS  DOF-conditioned on ['dof_input_field', 'dof_warmup']
BL-01b: 5/5 run, 5 distinct non-degenerate classes -> PASS  DOF-conditioned on ['dof_input_field', 'dof_warmup']
BL-01c: 15/15 run, 15 distinct non-degenerate classes -> PASS  DOF-conditioned on ['dof_input_field', 'dof_warmup']
CROSS: 6/6 run, 3 distinct non-degenerate classes -> PASS  collapsed=[['conv_reent', 'conv_wait'], ['inv_reent', 'inv_wait', 'sym_wait']]  DOF-conditioned on ['dof_input_field', 'dof_warmup']
BL-03: 6/6 run, 6 distinct non-degenerate classes -> PASS  DOF-conditioned on ['dof_a_exec', 'dof_input_field', 'dof_rsi_smoothing', 'dof_same_bar_reentry', 'dof_warmup']
BL-04: 3/3 run, 3 distinct non-degenerate classes -> PASS  DOF-conditioned on ['dof_input_field', 'dof_rsi_smoothing', 'dof_same_bar_reentry', 'dof_warmup']
BL-05: 4/4 run, 4 distinct non-degenerate classes -> PASS  DOF-conditioned on ['dof_input_field', 'dof_rsi_smoothing', 'dof_same_bar_reentry', 'dof_warmup']
BL-06: 3/3 run, 1 distinct non-degenerate classes -> FAIL  collapsed=[['skip', 'partial', 'nocheck']]  DOF-conditioned on ['dof_input_field', 'dof_rsi_smoothing', 'dof_same_bar_reentry', 'dof_warmup']
BL-07: 4/4 run, 4 distinct non-degenerate classes -> PASS  DOF-conditioned on ['dof_input_field', 'dof_rsi_smoothing', 'dof_same_bar_reentry', 'dof_warmup']
BL-08: 4/4 run, 4 distinct non-degenerate classes -> PASS  DOF-conditioned on ['dof_input_field', 'dof_rsi_smoothing', 'dof_same_bar_reentry', 'dof_warmup']
BL-09: 4/4 run, 4 distinct non-degenerate classes -> PASS  DOF-conditioned on ['dof_a_exec', 'dof_input_field', 'dof_rsi_smoothing', 'dof_same_bar_reentry', 'dof_warmup']
ER-01: 6/6 run, 6 distinct non-degenerate classes -> PASS  DOF-conditioned on ['dof_input_field', 'dof_same_bar_reentry', 'dof_warmup']
OM-A: 3/4 run, 1 distinct non-degenerate classes -> FAIL  collapsed=[['skip_all', 'try_except', 'per_ticker']]  DOF-conditioned on ['dof_a_exec', 'dof_input_field', 'dof_rsi_smoothing', 'dof_same_bar_reentry', 'dof_warmup']
OM-B: 3/3 run, 3 distinct non-degenerate classes -> PASS  DOF-conditioned on ['dof_a_exec', 'dof_input_field', 'dof_rsi_smoothing', 'dof_same_bar_reentry', 'dof_warmup']
OM-C: 3/3 run, 3 distinct non-degenerate classes -> PASS  DOF-conditioned on ['dof_a_exec', 'dof_input_field', 'dof_rsi_smoothing', 'dof_same_bar_reentry', 'dof_warmup']
PX-01: 4/4 run, 4 distinct non-degenerate classes -> PASS  DOF-conditioned on ['dof_input_field', 'dof_rsi_smoothing', 'dof_same_bar_reentry', 'dof_warmup']
