A custom engine-image image: 
"quantconnect/lean@sha256:dc84a683464681b2e6c9579bc7655e16d4802380367c77004e40a
6a504088bd7" is being used!
Compiling '/LeanCLI/main.py'...
20260816 06:20:29.933 TRACE:: Composer(): Loading Assemblies from 
/Lean/Launcher/bin/Debug
20260816 06:20:30.151 TRACE:: 
Composer.LoadPartsSafely(/Lean/Launcher/bin/Debug/System.Private.ServiceModel.d
ll): Skipping FileLoadException: Could not load file or assembly 
'/Lean/Launcher/bin/Debug/System.Private.ServiceModel.dll'. The located 
assembly's manifest definition does not match the assembly reference. 
(0x80131040)
20260816 06:20:30.221 TRACE:: Python for .NET Assembly: Python.Runtime, 
Version=2.0.54.0, Culture=neutral, PublicKeyToken=5000fea6cba702dd
20260816 06:20:32.824 TRACE:: Engine.Main(): LEAN ALGORITHMIC TRADING ENGINE 
v2.5.0.0 Mode: DEBUG (64bit) Host: JoshP
20260816 06:20:33.316 TRACE:: Engine.Main(): Started 6:20 AM
20260816 06:20:33.446 TRACE:: JobQueue.NextJob(): Selected /LeanCLI/main.py
20260816 06:20:33.644 TRACE:: AlgorithmManager.CreateTokenBucket(): 
Initializing LeakyBucket: Capacity: 120 RefillAmount: 18 TimeInterval: 1440
20260816 06:20:33.665 TRACE:: Engine.Run(): Resource limits '0' CPUs. 
2147483647 MB RAM.
20260816 06:20:33.671 TRACE:: TextSubscriptionDataSourceReader.SetCacheSize(): 
Setting cache size to 71582788 items
20260816 06:20:35.616 TRACE:: PythonInitializer.Initialize(): start...
PythonEngine.Initialize(): clr GetManifestResourceStream...
20260816 06:20:35.974 TRACE:: PythonInitializer.Initialize(): ended
20260816 06:20:35.978 TRACE:: AlgorithmPythonWrapper(): Python version 3.11.14 
(main, Oct 21 2025, 18:40:40) [GCC 11.2.0]: Importing python module main
20260816 06:20:41.204 TRACE:: AlgorithmPythonWrapper(): main successfully 
imported.
20260816 06:20:41.217 TRACE:: AlgorithmPythonWrapper(): Creating IAlgorithm 
instance.
20260816 06:20:41.730 TRACE:: LocalObjectStore.Initialize(): Storage Root: 
/Storage. StorageFileCount 9999999. StorageLimit 10240MB. StoragePermissions 
Read=True Write=True Delete=True
20260816 06:20:41.752 TRACE:: HistoryProviderManager.Initialize(): history 
providers [SubscriptionDataReaderHistoryProvider]
20260816 06:20:41.763 TRACE:: BaseSetupHandler.Setup(LocalPlatform): UID: 
487638, PID: -203596591, Version: 2.5.0.0, Source: WebIDE
20260816 06:20:42.060 TRACE:: WeightedWorkScheduler(): will use 16 workers and 
MaxWorkWeight is 400
20260816 06:20:42.098 TRACE:: BaseSetupHandler.SetupCurrencyConversions():
Account Type: Margin

Symbol      Quantity    Conversion = Value in USD
USD: $      100000.00 @       1.00 = $100000
-------------------------------------------------
CashBook Total Value:                $100000

20260816 06:20:42.103 TRACE:: Total margin information: TotalMarginUsed: 0.00, 
MarginRemaining: 100000.00
20260816 06:20:42.105 TRACE:: SetUp Backtesting: User: 487638 ProjectId: 
-203596591 AlgoId: 1352129464
20260816 06:20:42.111 TRACE:: Dates: Start: 01/02/2004 End: 12/31/2008 Cash: 
¤100,000.00 MaximumRuntime: 100.00:00:00 MaxOrders: 2147483647
20260816 06:20:42.124 TRACE:: BacktestingResultHandler(): Sample Period Set: 
657.36
20260816 06:20:42.126 TRACE:: JOB HANDLERS:
         DataFeed:             
QuantConnect.Lean.Engine.DataFeeds.FileSystemDataFeed
         Setup:                
QuantConnect.Lean.Engine.Setup.BacktestingSetupHandler
         RealTime:             
QuantConnect.Lean.Engine.RealTime.BacktestingRealTimeHandler
         Results:              
QuantConnect.Lean.Engine.Results.BacktestingResultHandler
         Transactions:         
QuantConnect.Lean.Engine.TransactionHandlers.BacktestingTransactionHandler
         Object Store:         
QuantConnect.Lean.Engine.Storage.LocalObjectStore
         History Provider:     
QuantConnect.Lean.Engine.HistoricalData.HistoryProviderManager
         Brokerage:            
QuantConnect.Brokerages.Backtesting.BacktestingBrokerage
         Data Provider:        
QuantConnect.Lean.Engine.DataFeeds.DefaultDataProvider

20260816 06:20:42.169 TRACE:: Event Name "Daily Sampling", scheduled to run.
20260816 06:20:42.174 TRACE:: AlgorithmManager.Run(): Begin DataStream - Start:
1/2/2004 12:00:00 AM Stop: 12/31/2008 11:59:59 PM Time: 1/2/2004 12:00:00 AM 
Warmup: False
20260816 06:20:42.325 TRACE:: Debug: Launching analysis for 1352129464 with 
LEAN Engine v2.5.0.0
20260816 06:20:42.456 TRACE:: UniverseSelection.AddPendingInternalDataFeeds(): 
Adding internal benchmark data feed 
SPY,#0,SPY,Hour,TradeBar,Trade,Adjusted,OpenInterest,Internal
20260816 06:20:43.228 TRACE:: Debug: 2004-08-11 00:00:00 Warning: all market 
orders sent using daily data, or market orders sent after hours are 
automatically converted into MarketOnOpen orders.
20260816 06:20:43.644 TRACE:: Debug: 2006-06-22 16:00:00 Warning: Portfolio 
rebalance result ignored as it resulted in a single share trade recommendation 
which can generate high fees. To disable minimum order size checks please set 
self.settings.minimum_order_margin_portfolio_percentage = 0.
20260816 06:20:44.750 TRACE:: Synchronizer.GetEnumerator(): Exited thread.
20260816 06:20:44.752 TRACE:: AlgorithmManager.Run(): Firing On End Of 
Algorithm...
20260816 06:20:44.755 TRACE:: Engine.Run(): Exiting Algorithm Manager
20260816 06:20:44.764 TRACE:: StopSafely(): Waiting for 'Isolator Thread' 
thread to stop...
20260816 06:20:44.765 TRACE:: FileSystemDataFeed.Exit(): Start. Setting 
cancellation token...
20260816 06:20:44.774 TRACE:: FileSystemDataFeed.Exit(): Exit Finished.
20260816 06:20:44.777 TRACE:: BacktestingResultHandler.Exit(): starting...
20260816 06:20:44.778 TRACE:: BacktestingResultHandler.Exit(): Saving logs...
20260816 06:20:44.782 TRACE:: Debug: Algorithm Id:(1352129464) completed in 
2.62 seconds at 4k data points per second. Processing total of 10,100 data 
points.
20260816 06:20:44.786 TRACE:: Debug: Your log was successfully created and can 
be retrieved from: /Results/1352129464-log.txt
20260816 06:20:44.786 TRACE:: StopSafely(): Waiting for 'Result Thread' thread 
to stop...
20260816 06:20:44.787 TRACE:: BacktestingResultHandler.Run(): Ending Thread...
20260816 06:20:46.229 TRACE::
STATISTICS:: Total Orders 19
STATISTICS:: Average Win 3.25%
STATISTICS:: Average Loss -1.73%
STATISTICS:: Compounding Annual Return -5.909%
STATISTICS:: Drawdown 50.600%
STATISTICS:: Expectancy -0.041
STATISTICS:: Start Equity 100000
STATISTICS:: End Equity 73737.18
STATISTICS:: Net Profit -26.263%
STATISTICS:: Sharpe Ratio -0.427
STATISTICS:: Sortino Ratio -0.35
STATISTICS:: Probabilistic Sharpe Ratio 0.079%
STATISTICS:: Loss Rate 67%
STATISTICS:: Win Rate 33%
STATISTICS:: Profit-Loss Ratio 1.88
STATISTICS:: Alpha -0.031
STATISTICS:: Beta 0.92
STATISTICS:: Annual Standard Deviation 0.163
STATISTICS:: Annual Variance 0.027
STATISTICS:: Information Ratio -0.562
STATISTICS:: Tracking Error 0.049
STATISTICS:: Treynor Ratio -0.076
STATISTICS:: Total Fees $107.47
STATISTICS:: Estimated Strategy Capacity $330000000.00
STATISTICS:: Lowest Capacity Asset SPY R735QTJ8XC9X
STATISTICS:: Portfolio Turnover 1.04%
STATISTICS:: Drawdown Recovery 933
STATISTICS:: OrderListHash 7f5fc6075ceff8400c94ce9f5a168c25
20260816 06:20:46.230 TRACE:: BacktestingResultHandler.SendAnalysisResult(): 
Processed final packet
20260816 06:20:46.231 TRACE:: Engine.Run(): Disconnecting from brokerage...
20260816 06:20:46.232 TRACE:: Engine.Run(): Disposing of setup handler...
20260816 06:20:46.232 TRACE:: Engine.Main(): Analysis Completed and Results 
Posted.
20260816 06:20:46.233 TRACE:: DataMonitor.Exit(): start...
20260816 06:20:46.234 TRACE:: StopSafely(): Waiting for '' thread to stop...
20260816 06:20:46.239 TRACE:: DataMonitor.GenerateReport():
DATA USAGE:: Total data requests 4
DATA USAGE:: Succeeded data requests 4
DATA USAGE:: Failed data requests 0
DATA USAGE:: Failed data requests percentage 0%
DATA USAGE:: Total universe data requests 0
DATA USAGE:: Succeeded universe data requests 0
DATA USAGE:: Failed universe data requests 0
DATA USAGE:: Failed universe data requests percentage 0%
20260816 06:20:46.253 TRACE:: DataMonitor.Exit(): end
Engine.Main(): Analysis Complete.
20260816 06:20:46.262 TRACE:: Engine.Main(): Packet removed from queue: 
1352129464
20260816 06:20:46.264 TRACE:: LeanEngineSystemHandlers.Dispose(): start...
20260816 06:20:46.267 TRACE:: LeanEngineSystemHandlers.Dispose(): Disposed of 
system handlers.
20260816 06:20:46.269 TRACE:: LeanEngineAlgorithmHandlers.Dispose(): start...
20260816 06:20:46.269 TRACE:: LocalObjectStore.Dispose(): start...
20260816 06:20:46.271 TRACE:: LocalObjectStore.Dispose(): end
20260816 06:20:46.272 TRACE:: LeanEngineAlgorithmHandlers.Dispose(): Disposed 
of algorithm handlers.
20260816 06:20:46.273 TRACE:: StopSafely(): Waiting for 'CpuPerformance' thread
to stop...
20260816 06:20:46.275 TRACE:: PythonInitializer.Shutdown(): start
20260816 06:20:46.276 TRACE:: PythonInitializer.Shutdown(): calling engine 
shutdown...
20260816 06:20:54.249 TRACE:: PythonInitializer.Shutdown(): ended
20260816 06:20:54.250 TRACE:: Program.Main(): Exiting Lean...
Successfully ran 'AxisTest' in the 'backtesting' environment and stored the 
output in 'backtests\GATE3_E16v0_altstamp'
