BANK_DONOR_pin__tuple_T_same_b_wait__warmup_ready: ok fills=262 proj=e2e3c10ff3b0 (18.4s)
BANK_DONOR_pin__tuple_T_rsi_sm_simpl_warmup_ready: ok fills=306 proj=d52ff6cbeab4 (15.3s)
BANK_DONOR_pin__tuple_T_rsi_sm_simpl_same_b_wait_: ok fills=306 proj=2859243d7a58 (15.3s)
BANK_DONOR_pin__tuple_T_rsi_sm_simpl_same_b_wait__warmup_ready: ok fills=296 proj=d22add18c3fb (15.2s)
BANK_DONOR_pin__tuple_T_input__raw_warmup_ready: ok fills=276 proj=c4221f075f22 (15.1s)
BANK_DONOR_pin__tuple_T_input__raw_same_b_wait_: ok fills=278 proj=a42e574c5a1a (15.4s)
BANK_DONOR_pin__tuple_T_input__raw_same_b_wait__warmup_ready: ok fills=274 proj=a06245bb9bc6 (13.9s)
BANK_DONOR_pin__tuple_T_input__raw_rsi_sm_simpl: ok fills=338 proj=7b3d5fa12601 (14.5s)
BANK_DONOR_pin__tuple_T_input__raw_rsi_sm_simpl_warmup_ready: ok fills=324 proj=cd71c4f9261b (15.6s)
BANK_DONOR_pin__tuple_T_input__raw_rsi_sm_simpl_same_b_wait_: ok fills=324 proj=909e529bc202 (15.6s)
BANK_DONOR_pin__tuple_T_input__raw_rsi_sm_simpl_same_b_wait__warmup_ready: ok fills=314 proj=ad5c6beca1d8 (15.2s)
BANK_DONOR_pin__tuple_T_a_exec_set_h_warmup_ready: ok fills=266 proj=8ea99a970970 (15.8s)
BANK_DONOR_pin__tuple_T_a_exec_set_h_same_b_wait_: ok fills=266 proj=ef1a2827f4b4 (15.1s)
BANK_DONOR_pin__tuple_T_a_exec_set_h_same_b_wait__warmup_ready: ok fills=262 proj=238ad415124d (17.7s)
BANK_DONOR_pin__tuple_T_a_exec_set_h_rsi_sm_simpl: ok fills=320 proj=7e330cdbf18b (15.1s)
BANK_DONOR_pin__tuple_T_a_exec_set_h_rsi_sm_simpl_warmup_ready: ok fills=306 proj=edfbc60793e4 (17.3s)
BANK_DONOR_pin__tuple_T_a_exec_set_h_rsi_sm_simpl_same_b_wait_: ok fills=306 proj=ae990125cd97 (18.7s)
BANK_DONOR_pin__tuple_T_a_exec_set_h_rsi_sm_simpl_same_b_wait__warmup_ready: ok fills=296 proj=95d48ef8e4fe (21.0s)
BANK_DONOR_pin__tuple_T_a_exec_set_h_input__raw: ok fills=280 proj=60dd76e5a071 (21.3s)
BANK_DONOR_pin__tuple_T_a_exec_set_h_input__raw_warmup_ready: ok fills=276 proj=22125c6c5662 (18.4s)
BANK_DONOR_pin__tuple_T_a_exec_set_h_input__raw_same_b_wait_: ok fills=278 proj=1e4e66990942 (18.6s)
BANK_DONOR_pin__tuple_T_a_exec_set_h_input__raw_same_b_wait__warmup_ready: ok fills=274 proj=97215a5d1776 (39.1s)
BANK_DONOR_pin__tuple_T_a_exec_set_h_input__raw_rsi_sm_simpl: ok fills=338 proj=2bba937e0c20 (17.4s)
BANK_DONOR_pin__tuple_T_a_exec_set_h_input__raw_rsi_sm_simpl_warmup_ready: ok fills=324 proj=848676a80b54 (20.1s)
BANK_DONOR_pin__tuple_T_a_exec_set_h_input__raw_rsi_sm_simpl_same_b_wait_: ok fills=324 proj=978f190b3d35 (19.8s)
BANK_DONOR_pin__tuple_T_a_exec_set_h_input__raw_rsi_sm_simpl_same_b_wait__warmup_ready: ok fills=314 proj=edba9ac22338 (18.7s)
BANK_BL_01a_SMA__tuple_T_input__raw_warmup_ready: ok fills=276 proj=4e7fd9a19261 (18.1s)
BANK_BL_01a_EMA__tuple_T_input__raw_warmup_ready: ok fills=286 proj=592792d355a6 (17.0s)
BANK_BL_01a_WMA__tuple_T_input__raw_warmup_ready: ok fills=300 proj=27c40327e3ac (16.5s)
BANK_BL_01b_p10__tuple_T_input__raw_warmup_ready: ok fills=608 proj=f2217f355fab (17.8s)
BANK_BL_01b_p20__tuple_T_input__raw_warmup_ready: ok fills=458 proj=87bfe9d2432e (16.8s)
BANK_BL_01b_p50__tuple_T_input__raw_warmup_ready: ok fills=335 proj=cc9e34a360eb (16.5s)
BANK_BL_01b_p100__tuple_T_input__raw_warmup_ready: ok fills=276 proj=4e7fd9a19261 (16.2s)
BANK_BL_01b_p200__tuple_T_input__raw_warmup_ready: ok fills=191 proj=a6f5b19cdfe8 (15.7s)
BANK_BL_01c_SMA10__tuple_T_input__raw_warmup_ready: ok fills=608 proj=f2217f355fab (16.7s)
BANK_BL_01c_SMA20__tuple_T_input__raw_warmup_ready: ok fills=458 proj=87bfe9d2432e (15.2s)
BANK_BL_01c_SMA50__tuple_T_input__raw_warmup_ready: ok fills=335 proj=cc9e34a360eb (15.2s)
BANK_BL_01c_SMA100__tuple_T_input__raw_warmup_ready: ok fills=276 proj=4e7fd9a19261 (16.5s)
BANK_BL_01c_SMA200__tuple_T_input__raw_warmup_ready: ok fills=191 proj=a6f5b19cdfe8 (15.2s)
BANK_BL_01c_EMA10__tuple_T_input__raw_warmup_ready: ok fills=642 proj=3f5b6fe450a8 (16.3s)
BANK_BL_01c_EMA20__tuple_T_input__raw_warmup_ready: ok fills=510 proj=f38b1be0b7f3 (15.5s)
BANK_BL_01c_EMA50__tuple_T_input__raw_warmup_ready: ok fills=342 proj=d2aef26b77f0 (15.5s)
BANK_BL_01c_EMA100__tuple_T_input__raw_warmup_ready: ok fills=286 proj=592792d355a6 (15.6s)
BANK_BL_01c_EMA200__tuple_T_input__raw_warmup_ready: ok fills=210 proj=e8e46dec837a (15.8s)
BANK_BL_01c_WMA10__tuple_T_input__raw_warmup_ready: ok fills=710 proj=fb9043b9ae49 (15.2s)
BANK_BL_01c_WMA20__tuple_T_input__raw_warmup_ready: ok fills=540 proj=fff210e2130f (16.3s)
BANK_BL_01c_WMA50__tuple_T_input__raw_warmup_ready: ok fills=387 proj=078ca18bd847 (16.9s)
BANK_BL_01c_WMA100__tuple_T_input__raw_warmup_ready: ok fills=300 proj=27c40327e3ac (16.2s)
BANK_BL_01c_WMA200__tuple_T_input__raw_warmup_ready: ok fills=238 proj=c5e7fd45fb14 (16.4s)
BANK_CROSS_conv_reent__tuple_T_input__raw_warmup_ready: ok fills=276 proj=4e7fd9a19261 (16.9s)
BANK_CROSS_conv_wait__tuple_T_input__raw_warmup_ready: ok fills=274 proj=4e7fd9a19261 (18.1s)
BANK_CROSS_inv_reent__tuple_T_input__raw_warmup_ready: ok fills=275 proj=426a2b163547 (15.5s)
BANK_CROSS_inv_wait__tuple_T_input__raw_warmup_ready: ok fills=273 proj=426a2b163547 (15.4s)
BANK_CROSS_sym_reent__tuple_T_input__raw_warmup_ready: ok fills=410 proj=f19b54dfa679 (16.7s)
BANK_CROSS_sym_wait__tuple_T_input__raw_warmup_ready: ok fills=274 proj=4e7fd9a19261 (14.6s)
BANK_BL_03_pct10__tuple_T_same_b_wait__warmup_ready: ok fills=262 proj=ebd87d88e9a9 (15.1s)
BANK_BL_03_pct10__tuple_T_rsi_sm_simpl_warmup_ready: ok fills=306 proj=50ab23725cc6 (15.8s)
BANK_BL_03_pct10__tuple_T_rsi_sm_simpl_same_b_wait_: ok fills=306 proj=f614c9296257 (16.8s)
BANK_BL_03_pct10__tuple_T_rsi_sm_simpl_same_b_wait__warmup_ready: ok fills=296 proj=fad877a02ef4 (16.7s)
BANK_BL_03_pct10__tuple_T_input__raw_warmup_ready: ok fills=276 proj=bdb33632f349 (17.5s)
BANK_BL_03_pct10__tuple_T_input__raw_same_b_wait_: ok fills=278 proj=e0c068f7f5ee (16.7s)
BANK_BL_03_pct10__tuple_T_input__raw_same_b_wait__warmup_ready: ok fills=274 proj=41d59bd34e9d (15.9s)
BANK_BL_03_pct10__tuple_T_input__raw_rsi_sm_simpl: ok fills=338 proj=f164da3bf149 (16.5s)
BANK_BL_03_pct10__tuple_T_input__raw_rsi_sm_simpl_warmup_ready: ok fills=324 proj=1e610a6fc173 (15.7s)
BANK_BL_03_pct10__tuple_T_input__raw_rsi_sm_simpl_same_b_wait_: ok fills=324 proj=6faa17b374e5 (14.9s)
BANK_BL_03_pct10__tuple_T_input__raw_rsi_sm_simpl_same_b_wait__warmup_ready: ok fills=314 proj=2dab89c195e0 (15.3s)
BANK_BL_03_pct10__tuple_T_a_exec_set_h_warmup_ready: ok fills=266 proj=3b56a99f8adb (15.4s)
BANK_BL_03_pct10__tuple_T_a_exec_set_h_same_b_wait_: ok fills=266 proj=ab8f374a37c2 (18.2s)
BANK_BL_03_pct10__tuple_T_a_exec_set_h_same_b_wait__warmup_ready: ok fills=262 proj=1e95b377590c (16.6s)
BANK_BL_03_pct10__tuple_T_a_exec_set_h_rsi_sm_simpl: ok fills=320 proj=f25a48425d08 (16.9s)
BANK_BL_03_pct10__tuple_T_a_exec_set_h_rsi_sm_simpl_warmup_ready: ok fills=306 proj=d9432ad38a4d (16.6s)
BANK_BL_03_pct10__tuple_T_a_exec_set_h_rsi_sm_simpl_same_b_wait_: ok fills=306 proj=e36216cd2a96 (17.2s)
BANK_BL_03_pct10__tuple_T_a_exec_set_h_rsi_sm_simpl_same_b_wait__warmup_ready: ok fills=296 proj=35314811f4e4 (16.5s)
BANK_BL_03_pct10__tuple_T_a_exec_set_h_input__raw: ok fills=280 proj=92f9a2995e40 (18.9s)
BANK_BL_03_pct10__tuple_T_a_exec_set_h_input__raw_warmup_ready: ok fills=276 proj=ee6b6709fae3 (19.6s)
BANK_BL_03_pct10__tuple_T_a_exec_set_h_input__raw_same_b_wait_: ok fills=278 proj=3e0f91c6d981 (19.8s)
BANK_BL_03_pct10__tuple_T_a_exec_set_h_input__raw_same_b_wait__warmup_ready: ok fills=274 proj=568d42a34d7c (19.4s)
BANK_BL_03_pct10__tuple_T_a_exec_set_h_input__raw_rsi_sm_simpl: ok fills=338 proj=6b17bf95b1ed (17.4s)
BANK_BL_03_pct10__tuple_T_a_exec_set_h_input__raw_rsi_sm_simpl_warmup_ready: ok fills=324 proj=9337586c054d (18.4s)
BANK_BL_03_pct10__tuple_T_a_exec_set_h_input__raw_rsi_sm_simpl_same_b_wait_: ok fills=324 proj=784935cb6ef6 (18.4s)
BANK_BL_03_pct10__tuple_T_a_exec_set_h_input__raw_rsi_sm_simpl_same_b_wait__warmup_ready: ok fills=314 proj=a357a157adb6 (17.6s)
BANK_BL_03_pct20__tuple_T_same_b_wait__warmup_ready: ok fills=262 proj=4a47f0e0be24 (24.3s)
BANK_BL_03_pct20__tuple_T_rsi_sm_simpl_warmup_ready: ok fills=306 proj=ee553aac92d6 (21.1s)
BANK_BL_03_pct20__tuple_T_rsi_sm_simpl_same_b_wait_: ok fills=306 proj=76f8f27ac137 (16.3s)
BANK_BL_03_pct20__tuple_T_rsi_sm_simpl_same_b_wait__warmup_ready: ok fills=296 proj=cf51616bc0f1 (16.0s)
BANK_BL_03_pct20__tuple_T_input__raw_warmup_ready: ok fills=276 proj=17926ba6e1f8 (16.6s)
BANK_BL_03_pct20__tuple_T_input__raw_same_b_wait_: ok fills=278 proj=d89e00c0c134 (18.3s)
BANK_BL_03_pct20__tuple_T_input__raw_same_b_wait__warmup_ready: ok fills=274 proj=c989f3c56bc7 (24.8s)
BANK_BL_03_pct20__tuple_T_input__raw_rsi_sm_simpl: ok fills=338 proj=84fefbb64f0b (30.3s)
BANK_BL_03_pct20__tuple_T_input__raw_rsi_sm_simpl_warmup_ready: ok fills=324 proj=344ed76226be (30.0s)
BANK_BL_03_pct20__tuple_T_input__raw_rsi_sm_simpl_same_b_wait_: ok fills=324 proj=9b1b7a9479ca (16.7s)
BANK_BL_03_pct20__tuple_T_input__raw_rsi_sm_simpl_same_b_wait__warmup_ready: ok fills=314 proj=779354eec9a3 (17.4s)
BANK_BL_03_pct20__tuple_T_a_exec_set_h_warmup_ready: ok fills=266 proj=2256501afca6 (18.1s)
BANK_BL_03_pct20__tuple_T_a_exec_set_h_same_b_wait_: ok fills=266 proj=74890bbf29cd (16.8s)
BANK_BL_03_pct20__tuple_T_a_exec_set_h_same_b_wait__warmup_ready: ok fills=262 proj=dcfa9f86ae81 (16.2s)
BANK_BL_03_pct20__tuple_T_a_exec_set_h_rsi_sm_simpl: ok fills=320 proj=1db00b89d0e6 (15.0s)
BANK_BL_03_pct20__tuple_T_a_exec_set_h_rsi_sm_simpl_warmup_ready: ok fills=306 proj=f9df29d31961 (15.4s)
BANK_BL_03_pct20__tuple_T_a_exec_set_h_rsi_sm_simpl_same_b_wait_: ok fills=306 proj=b301ab094a16 (15.1s)
BANK_BL_03_pct20__tuple_T_a_exec_set_h_rsi_sm_simpl_same_b_wait__warmup_ready: ok fills=296 proj=b378cc389149 (16.0s)
BANK_BL_03_pct20__tuple_T_a_exec_set_h_input__raw: ok fills=280 proj=d6c4c2f89aaa (15.3s)
BANK_BL_03_pct20__tuple_T_a_exec_set_h_input__raw_warmup_ready: ok fills=276 proj=f7913d2e2f2a (15.1s)
BANK_BL_03_pct20__tuple_T_a_exec_set_h_input__raw_same_b_wait_: ok fills=278 proj=fec9633dcbbb (15.7s)
BANK_BL_03_pct20__tuple_T_a_exec_set_h_input__raw_same_b_wait__warmup_ready: ok fills=274 proj=b2af3a8ed71c (15.8s)
BANK_BL_03_pct20__tuple_T_a_exec_set_h_input__raw_rsi_sm_simpl: ok fills=338 proj=6263fa38118c (16.8s)
BANK_BL_03_pct20__tuple_T_a_exec_set_h_input__raw_rsi_sm_simpl_warmup_ready: ok fills=324 proj=ecd2b3a94b0c (15.5s)
BANK_BL_03_pct20__tuple_T_a_exec_set_h_input__raw_rsi_sm_simpl_same_b_wait_: ok fills=324 proj=2a96a5e1c10f (14.6s)
BANK_BL_03_pct20__tuple_T_a_exec_set_h_input__raw_rsi_sm_simpl_same_b_wait__warmup_ready: ok fills=314 proj=89d17028d35b (15.4s)
BANK_BL_03_pct25__tuple_T_same_b_wait__warmup_ready: ok fills=262 proj=cbf2b05ef34a (14.5s)
BANK_BL_03_pct25__tuple_T_rsi_sm_simpl_warmup_ready: ok fills=306 proj=4bd3826f40fc (14.5s)
BANK_BL_03_pct25__tuple_T_rsi_sm_simpl_same_b_wait_: ok fills=306 proj=22baf1e06122 (15.8s)
BANK_BL_03_pct25__tuple_T_rsi_sm_simpl_same_b_wait__warmup_ready: ok fills=296 proj=849f3aa43202 (14.7s)
BANK_BL_03_pct25__tuple_T_input__raw_warmup_ready: ok fills=276 proj=1f140b9d3600 (15.1s)
BANK_BL_03_pct25__tuple_T_input__raw_same_b_wait_: ok fills=278 proj=467a7989eec8 (15.1s)
BANK_BL_03_pct25__tuple_T_input__raw_same_b_wait__warmup_ready: ok fills=274 proj=81aafd01bcc1 (14.6s)
BANK_BL_03_pct25__tuple_T_input__raw_rsi_sm_simpl: ok fills=338 proj=47dc2e38bbf7 (14.5s)
BANK_BL_03_pct25__tuple_T_input__raw_rsi_sm_simpl_warmup_ready: ok fills=324 proj=2b1d2fb528fe (14.8s)
BANK_BL_03_pct25__tuple_T_input__raw_rsi_sm_simpl_same_b_wait_: ok fills=324 proj=e0804410cd8f (14.6s)
BANK_BL_03_pct25__tuple_T_input__raw_rsi_sm_simpl_same_b_wait__warmup_ready: ok fills=314 proj=41ebdf16a4ba (14.9s)
BANK_BL_03_pct25__tuple_T_a_exec_set_h_warmup_ready: ok fills=266 proj=9f9457462792 (15.7s)
BANK_BL_03_pct25__tuple_T_a_exec_set_h_same_b_wait_: ok fills=266 proj=657ff1ccb1a2 (16.4s)
BANK_BL_03_pct25__tuple_T_a_exec_set_h_same_b_wait__warmup_ready: ok fills=262 proj=d4273c6bb33b (17.0s)
BANK_BL_03_pct25__tuple_T_a_exec_set_h_rsi_sm_simpl: ok fills=320 proj=573203335761 (19.0s)
BANK_BL_03_pct25__tuple_T_a_exec_set_h_rsi_sm_simpl_warmup_ready: ok fills=306 proj=eb4adc76b5d6 (17.2s)
BANK_BL_03_pct25__tuple_T_a_exec_set_h_rsi_sm_simpl_same_b_wait_: ok fills=306 proj=8056893a22be (15.8s)
BANK_BL_03_pct25__tuple_T_a_exec_set_h_rsi_sm_simpl_same_b_wait__warmup_ready: ok fills=296 proj=e35fd368f5ad (16.8s)
BANK_BL_03_pct25__tuple_T_a_exec_set_h_input__raw: ok fills=280 proj=b68bdac40730 (16.9s)
BANK_BL_03_pct25__tuple_T_a_exec_set_h_input__raw_warmup_ready: ok fills=276 proj=8e35e49f82c7 (16.6s)
BANK_BL_03_pct25__tuple_T_a_exec_set_h_input__raw_same_b_wait_: ok fills=278 proj=267e243a24b4 (16.9s)
BANK_BL_03_pct25__tuple_T_a_exec_set_h_input__raw_same_b_wait__warmup_ready: ok fills=274 proj=125a5ab3dd37 (16.5s)
BANK_BL_03_pct25__tuple_T_a_exec_set_h_input__raw_rsi_sm_simpl: ok fills=338 proj=f1014f878f40 (17.0s)
BANK_BL_03_pct25__tuple_T_a_exec_set_h_input__raw_rsi_sm_simpl_warmup_ready: ok fills=324 proj=98f014a4fe60 (18.1s)
BANK_BL_03_pct25__tuple_T_a_exec_set_h_input__raw_rsi_sm_simpl_same_b_wait_: ok fills=324 proj=ceb810670845 (21.5s)
BANK_BL_03_pct25__tuple_T_a_exec_set_h_input__raw_rsi_sm_simpl_same_b_wait__warmup_ready: ok fills=314 proj=5203e528f4cb (22.5s)
BANK_BL_03_pct40__tuple_T_same_b_wait__warmup_ready: ok fills=262 proj=d8419e938515 (25.2s)
BANK_BL_03_pct40__tuple_T_rsi_sm_simpl_warmup_ready: ok fills=306 proj=a3a10d75cfd3 (21.6s)
BANK_BL_03_pct40__tuple_T_rsi_sm_simpl_same_b_wait_: ok fills=306 proj=1e4291bd0771 (21.6s)
BANK_BL_03_pct40__tuple_T_rsi_sm_simpl_same_b_wait__warmup_ready: ok fills=296 proj=d98d1fdbad8b (20.2s)
BANK_BL_03_pct40__tuple_T_input__raw_warmup_ready: ok fills=276 proj=d9dd03f0a6fc (24.2s)
BANK_BL_03_pct40__tuple_T_input__raw_same_b_wait_: ok fills=278 proj=30c81ee097d3 (21.6s)
BANK_BL_03_pct40__tuple_T_input__raw_same_b_wait__warmup_ready: ok fills=274 proj=fbfe36a7a669 (22.8s)
BANK_BL_03_pct40__tuple_T_input__raw_rsi_sm_simpl: ok fills=338 proj=9873c017c9ed (20.6s)
BANK_BL_03_pct40__tuple_T_input__raw_rsi_sm_simpl_warmup_ready: ok fills=324 proj=1e9cbc90277c (15.7s)
BANK_BL_03_pct40__tuple_T_input__raw_rsi_sm_simpl_same_b_wait_: ok fills=324 proj=036a01e7aa2a (15.3s)
BANK_BL_03_pct40__tuple_T_input__raw_rsi_sm_simpl_same_b_wait__warmup_ready: ok fills=314 proj=d4195008974d (14.5s)
BANK_BL_03_pct40__tuple_T_a_exec_set_h_warmup_ready: ok fills=266 proj=030f23fcec12 (15.2s)
BANK_BL_03_pct40__tuple_T_a_exec_set_h_same_b_wait_: ok fills=266 proj=7d7566ee3e9a (14.7s)
BANK_BL_03_pct40__tuple_T_a_exec_set_h_same_b_wait__warmup_ready: ok fills=262 proj=1ca9a3ba8002 (16.3s)
BANK_BL_03_pct40__tuple_T_a_exec_set_h_rsi_sm_simpl: ok fills=320 proj=2493faeb29aa (16.8s)
BANK_BL_03_pct40__tuple_T_a_exec_set_h_rsi_sm_simpl_warmup_ready: ok fills=306 proj=049620fb0e07 (18.3s)
BANK_BL_03_pct40__tuple_T_a_exec_set_h_rsi_sm_simpl_same_b_wait_: ok fills=306 proj=7e4934007a87 (15.8s)
BANK_BL_03_pct40__tuple_T_a_exec_set_h_rsi_sm_simpl_same_b_wait__warmup_ready: ok fills=296 proj=c2f4384b1054 (13.8s)
BANK_BL_03_pct40__tuple_T_a_exec_set_h_input__raw: ok fills=280 proj=c1eb1d180c86 (14.8s)
BANK_BL_03_pct40__tuple_T_a_exec_set_h_input__raw_warmup_ready: ok fills=276 proj=13bb059e09fb (14.5s)
BANK_BL_03_pct40__tuple_T_a_exec_set_h_input__raw_same_b_wait_: ok fills=278 proj=5a04950dbd5d (17.2s)
BANK_BL_03_pct40__tuple_T_a_exec_set_h_input__raw_same_b_wait__warmup_ready: ok fills=274 proj=bdbe9193f349 (20.2s)
BANK_BL_03_pct40__tuple_T_a_exec_set_h_input__raw_rsi_sm_simpl: ok fills=338 proj=1398f744b885 (17.8s)
BANK_BL_03_pct40__tuple_T_a_exec_set_h_input__raw_rsi_sm_simpl_warmup_ready: ok fills=324 proj=1855628b43fa (16.7s)
BANK_BL_03_pct40__tuple_T_a_exec_set_h_input__raw_rsi_sm_simpl_same_b_wait_: ok fills=324 proj=5acfb26c66ce (14.4s)
BANK_BL_03_pct40__tuple_T_a_exec_set_h_input__raw_rsi_sm_simpl_same_b_wait__warmup_ready: ok fills=314 proj=918b45f8443a (13.5s)
BANK_BL_03_pct50__tuple_T_same_b_wait__warmup_ready: ok fills=262 proj=0ba529c623d0 (14.2s)
BANK_BL_03_pct50__tuple_T_rsi_sm_simpl_warmup_ready: ok fills=306 proj=12b6f1ba9e09 (14.7s)
BANK_BL_03_pct50__tuple_T_rsi_sm_simpl_same_b_wait_: ok fills=306 proj=6c50f653a7fe (14.3s)
BANK_BL_03_pct50__tuple_T_rsi_sm_simpl_same_b_wait__warmup_ready: ok fills=296 proj=be4d43c09e5d (15.1s)
BANK_BL_03_pct50__tuple_T_input__raw_warmup_ready: ok fills=276 proj=6600e9c8fa54 (14.3s)
BANK_BL_03_pct50__tuple_T_input__raw_same_b_wait_: ok fills=278 proj=a640b8977b31 (16.3s)
BANK_BL_03_pct50__tuple_T_input__raw_same_b_wait__warmup_ready: ok fills=274 proj=1416c802df4c (15.0s)
BANK_BL_03_pct50__tuple_T_input__raw_rsi_sm_simpl: ok fills=338 proj=08913ddbe361 (14.7s)
BANK_BL_03_pct50__tuple_T_input__raw_rsi_sm_simpl_warmup_ready: ok fills=324 proj=f21b596d4134 (14.3s)
BANK_BL_03_pct50__tuple_T_input__raw_rsi_sm_simpl_same_b_wait_: ok fills=324 proj=7da01b83931a (14.2s)
BANK_BL_03_pct50__tuple_T_input__raw_rsi_sm_simpl_same_b_wait__warmup_ready: ok fills=314 proj=15cb42e82e32 (14.6s)
BANK_BL_03_pct50__tuple_T_a_exec_set_h_warmup_ready: ok fills=266 proj=d934a146bb9a (14.1s)
BANK_BL_03_pct50__tuple_T_a_exec_set_h_same_b_wait_: ok fills=266 proj=bd522eb139ab (14.0s)
BANK_BL_03_pct50__tuple_T_a_exec_set_h_same_b_wait__warmup_ready: ok fills=262 proj=ed3d6ca4d2d6 (14.3s)
BANK_BL_03_pct50__tuple_T_a_exec_set_h_rsi_sm_simpl: ok fills=320 proj=ea6d63384662 (14.0s)
BANK_BL_03_pct50__tuple_T_a_exec_set_h_rsi_sm_simpl_warmup_ready: ok fills=306 proj=763bfbe39573 (13.3s)
BANK_BL_03_pct50__tuple_T_a_exec_set_h_rsi_sm_simpl_same_b_wait_: ok fills=306 proj=57a9c7b99239 (13.8s)
BANK_BL_03_pct50__tuple_T_a_exec_set_h_rsi_sm_simpl_same_b_wait__warmup_ready: ok fills=296 proj=86c90dae7b59 (14.0s)
BANK_BL_03_pct50__tuple_T_a_exec_set_h_input__raw: ok fills=280 proj=95399b2663cc (13.0s)
BANK_BL_03_pct50__tuple_T_a_exec_set_h_input__raw_warmup_ready: ok fills=276 proj=8caba6a208ea (13.6s)
BANK_BL_03_pct50__tuple_T_a_exec_set_h_input__raw_same_b_wait_: ok fills=278 proj=7829769a9ee9 (14.0s)
BANK_BL_03_pct50__tuple_T_a_exec_set_h_input__raw_same_b_wait__warmup_ready: ok fills=274 proj=a4af1dcab9f0 (13.7s)
BANK_BL_03_pct50__tuple_T_a_exec_set_h_input__raw_rsi_sm_simpl: ok fills=338 proj=616a04beb39f (14.0s)
BANK_BL_03_pct50__tuple_T_a_exec_set_h_input__raw_rsi_sm_simpl_warmup_ready: ok fills=324 proj=9ec70ff1f8d8 (13.4s)
BANK_BL_03_pct50__tuple_T_a_exec_set_h_input__raw_rsi_sm_simpl_same_b_wait_: ok fills=324 proj=9f6c3f0fd69b (13.3s)
BANK_BL_03_pct50__tuple_T_a_exec_set_h_input__raw_rsi_sm_simpl_same_b_wait__warmup_ready: ok fills=314 proj=1032b7144a13 (13.2s)
BANK_BL_03_pct100__tuple_T_same_b_wait__warmup_ready: ok fills=167 proj=96e6586d2a4d (14.0s)
BANK_BL_03_pct100__tuple_T_rsi_sm_simpl_warmup_ready: ok fills=187 proj=506f6d6f114c (13.4s)
BANK_BL_03_pct100__tuple_T_rsi_sm_simpl_same_b_wait_: ok fills=197 proj=d6ea83d9139b (14.0s)
BANK_BL_03_pct100__tuple_T_rsi_sm_simpl_same_b_wait__warmup_ready: ok fills=187 proj=f989d9bd80a1 (14.0s)
BANK_BL_03_pct100__tuple_T_input__raw_warmup_ready: ok fills=198 proj=04810a095d54 (15.4s)
BANK_BL_03_pct100__tuple_T_input__raw_same_b_wait_: ok fills=202 proj=cbb7da98b11c (13.6s)
BANK_BL_03_pct100__tuple_T_input__raw_same_b_wait__warmup_ready: ok fills=198 proj=04810a095d54 (14.1s)
BANK_BL_03_pct100__tuple_T_input__raw_rsi_sm_simpl: ok fills=232 proj=3b8e2b9d5fda (13.9s)
BANK_BL_03_pct100__tuple_T_input__raw_rsi_sm_simpl_warmup_ready: ok fills=218 proj=5d433a7fc0a2 (14.1s)
BANK_BL_03_pct100__tuple_T_input__raw_rsi_sm_simpl_same_b_wait_: ok fills=228 proj=48818243a3c9 (15.3s)
BANK_BL_03_pct100__tuple_T_input__raw_rsi_sm_simpl_same_b_wait__warmup_ready: ok fills=218 proj=df5f8d1e1c5d (15.9s)
BANK_BL_03_pct100__tuple_T_a_exec_set_h_warmup_ready: ok fills=167 proj=1a807c772fd4 (14.2s)
BANK_BL_03_pct100__tuple_T_a_exec_set_h_same_b_wait_: ok fills=171 proj=9e246caed119 (14.4s)
BANK_BL_03_pct100__tuple_T_a_exec_set_h_same_b_wait__warmup_ready: ok fills=167 proj=1a807c772fd4 (14.5s)
BANK_BL_03_pct100__tuple_T_a_exec_set_h_rsi_sm_simpl: ok fills=201 proj=9cb00939b127 (14.1s)
BANK_BL_03_pct100__tuple_T_a_exec_set_h_rsi_sm_simpl_warmup_ready: ok fills=187 proj=8026dff19096 (13.9s)
BANK_BL_03_pct100__tuple_T_a_exec_set_h_rsi_sm_simpl_same_b_wait_: ok fills=197 proj=86f088f7f766 (14.6s)
BANK_BL_03_pct100__tuple_T_a_exec_set_h_rsi_sm_simpl_same_b_wait__warmup_ready: ok fills=187 proj=c52ae946c65c (16.4s)
BANK_BL_03_pct100__tuple_T_a_exec_set_h_input__raw: ok fills=204 proj=b1647caf6dfc (15.3s)
BANK_BL_03_pct100__tuple_T_a_exec_set_h_input__raw_warmup_ready: ok fills=200 proj=b35af00a8101 (19.1s)
BANK_BL_03_pct100__tuple_T_a_exec_set_h_input__raw_same_b_wait_: ok fills=204 proj=b1647caf6dfc (15.5s)
BANK_BL_03_pct100__tuple_T_a_exec_set_h_input__raw_same_b_wait__warmup_ready: ok fills=200 proj=b35af00a8101 (14.9s)
BANK_BL_03_pct100__tuple_T_a_exec_set_h_input__raw_rsi_sm_simpl: ok fills=236 proj=4eb8ac39f3d4 (14.6s)
BANK_BL_03_pct100__tuple_T_a_exec_set_h_input__raw_rsi_sm_simpl_warmup_ready: ok fills=222 proj=14752796d793 (14.4s)
BANK_BL_03_pct100__tuple_T_a_exec_set_h_input__raw_rsi_sm_simpl_same_b_wait_: ok fills=232 proj=d31da664ec0b (15.1s)
BANK_BL_03_pct100__tuple_T_a_exec_set_h_input__raw_rsi_sm_simpl_same_b_wait__warmup_ready: ok fills=222 proj=548dcdfd3f02 (14.8s)
BANK_BL_04_prev_close__tuple_T_same_b_wait__warmup_ready: ok fills=262 proj=610b495edf10 (13.5s)
BANK_BL_04_prev_close__tuple_T_rsi_sm_simpl_warmup_ready: ok fills=306 proj=ffd90339dfb9 (14.5s)
BANK_BL_04_prev_close__tuple_T_rsi_sm_simpl_same_b_wait_: ok fills=306 proj=544d889450da (14.5s)
BANK_BL_04_prev_close__tuple_T_rsi_sm_simpl_same_b_wait__warmup_ready: ok fills=296 proj=a47cce16f6a2 (15.5s)
BANK_BL_04_prev_close__tuple_T_input__raw_warmup_ready: ok fills=276 proj=a1d13b61c61b (14.8s)
BANK_BL_04_prev_close__tuple_T_input__raw_same_b_wait_: ok fills=278 proj=f784a2f78d8d (20.2s)
BANK_BL_04_prev_close__tuple_T_input__raw_same_b_wait__warmup_ready: ok fills=274 proj=05afd70d7ae4 (15.2s)
BANK_BL_04_prev_close__tuple_T_input__raw_rsi_sm_simpl: ok fills=338 proj=f2ee548190aa (14.4s)
BANK_BL_04_prev_close__tuple_T_input__raw_rsi_sm_simpl_warmup_ready: ok fills=324 proj=d44f7e680688 (15.5s)
BANK_BL_04_prev_close__tuple_T_input__raw_rsi_sm_simpl_same_b_wait_: ok fills=324 proj=fb8baf996941 (16.2s)
BANK_BL_04_prev_close__tuple_T_input__raw_rsi_sm_simpl_same_b_wait__warmup_ready: ok fills=314 proj=fdb63e8337e1 (15.5s)
BANK_BL_04_open_close__tuple_T_same_b_wait__warmup_ready: ok fills=282 proj=735bb8503e83 (15.5s)
BANK_BL_04_open_close__tuple_T_rsi_sm_simpl_warmup_ready: ok fills=338 proj=1a4ed88986a2 (15.7s)
BANK_BL_04_open_close__tuple_T_rsi_sm_simpl_same_b_wait_: ok fills=334 proj=21e4c3e1001d (15.0s)
BANK_BL_04_open_close__tuple_T_rsi_sm_simpl_same_b_wait__warmup_ready: ok fills=320 proj=04af7a232ac1 (14.6s)
BANK_BL_04_open_close__tuple_T_input__raw_warmup_ready: ok fills=308 proj=cbb809c40428 (15.8s)
BANK_BL_04_open_close__tuple_T_input__raw_same_b_wait_: ok fills=298 proj=fe52b075f497 (16.0s)
BANK_BL_04_open_close__tuple_T_input__raw_same_b_wait__warmup_ready: ok fills=292 proj=1a2abf52b05e (15.2s)
BANK_BL_04_open_close__tuple_T_input__raw_rsi_sm_simpl: ok fills=372 proj=02ea2e1b617d (15.1s)
BANK_BL_04_open_close__tuple_T_input__raw_rsi_sm_simpl_warmup_ready: ok fills=354 proj=8e2c3829ad82 (15.4s)
BANK_BL_04_open_close__tuple_T_input__raw_rsi_sm_simpl_same_b_wait_: ok fills=352 proj=d8c40e6f36ff (16.5s)
BANK_BL_04_open_close__tuple_T_input__raw_rsi_sm_simpl_same_b_wait__warmup_ready: ok fills=338 proj=b636206693cd (16.0s)
BANK_BL_04_prev_close_le__tuple_T_same_b_wait__warmup_ready: ok fills=262 proj=48a8519fe80c (21.9s)
BANK_BL_04_prev_close_le__tuple_T_rsi_sm_simpl_warmup_ready: ok fills=306 proj=680798b5cf98 (16.8s)
BANK_BL_04_prev_close_le__tuple_T_rsi_sm_simpl_same_b_wait_: ok fills=306 proj=3bbd2c7e0ac7 (15.9s)
BANK_BL_04_prev_close_le__tuple_T_rsi_sm_simpl_same_b_wait__warmup_ready: ok fills=296 proj=0fdb5e144485 (15.3s)
BANK_BL_04_prev_close_le__tuple_T_input__raw_warmup_ready: ok fills=276 proj=a1d13b61c61b (14.5s)
BANK_BL_04_prev_close_le__tuple_T_input__raw_same_b_wait_: ok fills=278 proj=b00bdeb71e60 (13.8s)
BANK_BL_04_prev_close_le__tuple_T_input__raw_same_b_wait__warmup_ready: ok fills=274 proj=05afd70d7ae4 (14.2s)
BANK_BL_04_prev_close_le__tuple_T_input__raw_rsi_sm_simpl: ok fills=338 proj=9dae5f3a97c5 (14.3s)
BANK_BL_04_prev_close_le__tuple_T_input__raw_rsi_sm_simpl_warmup_ready: ok fills=324 proj=1f0fbf668c53 (15.1s)
BANK_BL_04_prev_close_le__tuple_T_input__raw_rsi_sm_simpl_same_b_wait_: ok fills=324 proj=a07d57221b33 (14.6s)
BANK_BL_04_prev_close_le__tuple_T_input__raw_rsi_sm_simpl_same_b_wait__warmup_ready: ok fills=314 proj=13e694023679 (14.3s)
BANK_BL_05_d2__tuple_T_same_b_wait__warmup_ready: ok fills=384 proj=7d6acdcc5ada (13.9s)
BANK_BL_05_d2__tuple_T_rsi_sm_simpl_warmup_ready: ok fills=494 proj=69f6267b58c9 (14.1s)
BANK_BL_05_d2__tuple_T_rsi_sm_simpl_same_b_wait_: ok fills=458 proj=6375a6d84aea (14.0s)
BANK_BL_05_d2__tuple_T_rsi_sm_simpl_same_b_wait__warmup_ready: ok fills=440 proj=b710914a4591 (15.1s)
BANK_BL_05_d2__tuple_T_input__raw_warmup_ready: ok fills=414 proj=a90d8277656c (15.7s)
BANK_BL_05_d2__tuple_T_input__raw_same_b_wait_: ok fills=398 proj=a292e6cd6fc7 (15.3s)
BANK_BL_05_d2__tuple_T_input__raw_same_b_wait__warmup_ready: ok fills=392 proj=151d4e7ac6a4 (15.4s)
BANK_BL_05_d2__tuple_T_input__raw_rsi_sm_simpl: ok fills=532 proj=e831eddba1f6 (15.4s)
BANK_BL_05_d2__tuple_T_input__raw_rsi_sm_simpl_warmup_ready: ok fills=510 proj=d289efc1602a (16.5s)
BANK_BL_05_d2__tuple_T_input__raw_rsi_sm_simpl_same_b_wait_: ok fills=476 proj=69148cd8e834 (17.8s)
BANK_BL_05_d2__tuple_T_input__raw_rsi_sm_simpl_same_b_wait__warmup_ready: ok fills=458 proj=733777554d31 (18.0s)
BANK_BL_05_d3__tuple_T_same_b_wait__warmup_ready: ok fills=262 proj=610b495edf10 (15.5s)
BANK_BL_05_d3__tuple_T_rsi_sm_simpl_warmup_ready: ok fills=306 proj=ffd90339dfb9 (15.2s)
BANK_BL_05_d3__tuple_T_rsi_sm_simpl_same_b_wait_: ok fills=306 proj=544d889450da (16.5s)
BANK_BL_05_d3__tuple_T_rsi_sm_simpl_same_b_wait__warmup_ready: ok fills=296 proj=a47cce16f6a2 (17.9s)
BANK_BL_05_d3__tuple_T_input__raw_warmup_ready: ok fills=276 proj=a1d13b61c61b (17.3s)
BANK_BL_05_d3__tuple_T_input__raw_same_b_wait_: ok fills=278 proj=f784a2f78d8d (14.4s)
BANK_BL_05_d3__tuple_T_input__raw_same_b_wait__warmup_ready: ok fills=274 proj=05afd70d7ae4 (15.7s)
BANK_BL_05_d3__tuple_T_input__raw_rsi_sm_simpl: ok fills=338 proj=f2ee548190aa (15.5s)
BANK_BL_05_d3__tuple_T_input__raw_rsi_sm_simpl_warmup_ready: ok fills=324 proj=d44f7e680688 (15.0s)
BANK_BL_05_d3__tuple_T_input__raw_rsi_sm_simpl_same_b_wait_: ok fills=324 proj=fb8baf996941 (14.7s)
BANK_BL_05_d3__tuple_T_input__raw_rsi_sm_simpl_same_b_wait__warmup_ready: ok fills=314 proj=fdb63e8337e1 (15.3s)
BANK_BL_05_d4__tuple_T_same_b_wait__warmup_ready: ok fills=190 proj=298c029c3cfb (15.4s)
BANK_BL_05_d4__tuple_T_rsi_sm_simpl_warmup_ready: ok fills=211 proj=119b333dd9c8 (16.2s)
BANK_BL_05_d4__tuple_T_rsi_sm_simpl_same_b_wait_: ok fills=219 proj=20c634656bdb (15.5s)
BANK_BL_05_d4__tuple_T_rsi_sm_simpl_same_b_wait__warmup_ready: ok fills=209 proj=c44ae216b75a (16.6s)
BANK_BL_05_d4__tuple_T_input__raw_warmup_ready: ok fills=206 proj=bf457079124c (15.6s)
BANK_BL_05_d4__tuple_T_input__raw_same_b_wait_: ok fills=210 proj=54fea095933a (15.3s)
BANK_BL_05_d4__tuple_T_input__raw_same_b_wait__warmup_ready: ok fills=206 proj=bf457079124c (15.5s)
BANK_BL_05_d4__tuple_T_input__raw_rsi_sm_simpl: ok fills=243 proj=c5a3da29061b (14.7s)
BANK_BL_05_d4__tuple_T_input__raw_rsi_sm_simpl_warmup_ready: ok fills=231 proj=119b333dd9c8 (15.0s)
BANK_BL_05_d4__tuple_T_input__raw_rsi_sm_simpl_same_b_wait_: ok fills=239 proj=20c634656bdb (15.0s)
BANK_BL_05_d4__tuple_T_input__raw_rsi_sm_simpl_same_b_wait__warmup_ready: ok fills=229 proj=c44ae216b75a (14.9s)
BANK_BL_05_d5__tuple_T_same_b_wait__warmup_ready: ok fills=150 proj=db24ffadfb87 (16.1s)
BANK_BL_05_d5__tuple_T_rsi_sm_simpl_warmup_ready: ok fills=155 proj=16d534e11c55 (15.0s)
BANK_BL_05_d5__tuple_T_rsi_sm_simpl_same_b_wait_: ok fills=157 proj=8290c286e37c (14.5s)
BANK_BL_05_d5__tuple_T_rsi_sm_simpl_same_b_wait__warmup_ready: ok fills=153 proj=d5dcb1946b45 (14.1s)
BANK_BL_05_d5__tuple_T_input__raw_warmup_ready: ok fills=170 proj=db24ffadfb87 (14.0s)
BANK_BL_05_d5__tuple_T_input__raw_same_b_wait_: ok fills=174 proj=50552e397bc8 (14.8s)
BANK_BL_05_d5__tuple_T_input__raw_same_b_wait__warmup_ready: ok fills=170 proj=db24ffadfb87 (13.9s)
BANK_BL_05_d5__tuple_T_input__raw_rsi_sm_simpl: ok fills=181 proj=e5548bd115b2 (14.4s)
BANK_BL_05_d5__tuple_T_input__raw_rsi_sm_simpl_warmup_ready: ok fills=175 proj=16d534e11c55 (13.8s)
BANK_BL_05_d5__tuple_T_input__raw_rsi_sm_simpl_same_b_wait_: ok fills=177 proj=8290c286e37c (14.0s)
BANK_BL_05_d5__tuple_T_input__raw_rsi_sm_simpl_same_b_wait__warmup_ready: ok fills=173 proj=d5dcb1946b45 (13.8s)
BANK_BL_07_p7__tuple_T_same_b_wait__warmup_ready: ok fills=296 proj=1dac9ce2ba1f (13.2s)
BANK_BL_07_p7__tuple_T_rsi_sm_simpl_warmup_ready: ok fills=314 proj=28cdfe2d9299 (14.2s)
BANK_BL_07_p7__tuple_T_rsi_sm_simpl_same_b_wait_: ok fills=320 proj=c8d2e36728da (14.0s)
BANK_BL_07_p7__tuple_T_rsi_sm_simpl_same_b_wait__warmup_ready: ok fills=312 proj=20dc4c2bce26 (14.3s)
BANK_BL_07_p7__tuple_T_input__raw_warmup_ready: ok fills=312 proj=d0f09175985d (15.5s)
BANK_BL_07_p7__tuple_T_input__raw_same_b_wait_: ok fills=316 proj=a3b49cc4fb4f (16.2s)
BANK_BL_07_p7__tuple_T_input__raw_same_b_wait__warmup_ready: ok fills=312 proj=d0f09175985d (16.0s)
BANK_BL_07_p7__tuple_T_input__raw_rsi_sm_simpl: ok fills=344 proj=7963739b399f (16.6s)
BANK_BL_07_p7__tuple_T_input__raw_rsi_sm_simpl_warmup_ready: ok fills=334 proj=f148b297ee85 (15.2s)
BANK_BL_07_p7__tuple_T_input__raw_rsi_sm_simpl_same_b_wait_: ok fills=340 proj=3e9512310cb5 (15.0s)
BANK_BL_07_p7__tuple_T_input__raw_rsi_sm_simpl_same_b_wait__warmup_ready: ok fills=332 proj=af221314098e (13.9s)
BANK_BL_07_p9__tuple_T_same_b_wait__warmup_ready: ok fills=286 proj=1e374c1d5c8a (14.3s)
BANK_BL_07_p9__tuple_T_rsi_sm_simpl_warmup_ready: ok fills=304 proj=2dd92485b136 (13.3s)
BANK_BL_07_p9__tuple_T_rsi_sm_simpl_same_b_wait_: ok fills=310 proj=778c9398a434 (13.9s)
BANK_BL_07_p9__tuple_T_rsi_sm_simpl_same_b_wait__warmup_ready: ok fills=302 proj=c008162fbc7b (13.9s)
BANK_BL_07_p9__tuple_T_input__raw_warmup_ready: ok fills=304 proj=821be598aee9 (13.2s)
BANK_BL_07_p9__tuple_T_input__raw_same_b_wait_: ok fills=306 proj=06d5ca578b77 (13.0s)
BANK_BL_07_p9__tuple_T_input__raw_same_b_wait__warmup_ready: ok fills=302 proj=491850df9659 (14.0s)
BANK_BL_07_p9__tuple_T_input__raw_rsi_sm_simpl: ok fills=332 proj=7e8de85c4626 (12.5s)
BANK_BL_07_p9__tuple_T_input__raw_rsi_sm_simpl_warmup_ready: ok fills=322 proj=95c6dfa5ac58 (13.9s)
BANK_BL_07_p9__tuple_T_input__raw_rsi_sm_simpl_same_b_wait_: ok fills=330 proj=e5a66492ef95 (13.1s)
BANK_BL_07_p9__tuple_T_input__raw_rsi_sm_simpl_same_b_wait__warmup_ready: ok fills=322 proj=95c6dfa5ac58 (13.4s)
BANK_BL_07_p14__tuple_T_same_b_wait__warmup_ready: ok fills=262 proj=32773100361d (12.8s)
BANK_BL_07_p14__tuple_T_rsi_sm_simpl_warmup_ready: ok fills=306 proj=5dfb434fcf7d (13.6s)
BANK_BL_07_p14__tuple_T_rsi_sm_simpl_same_b_wait_: ok fills=306 proj=4cf3cbb4e359 (13.8s)
BANK_BL_07_p14__tuple_T_rsi_sm_simpl_same_b_wait__warmup_ready: ok fills=296 proj=f135e3609a3d (15.0s)
BANK_BL_07_p14__tuple_T_input__raw_warmup_ready: ok fills=276 proj=53e86f244b26 (13.1s)
BANK_BL_07_p14__tuple_T_input__raw_same_b_wait_: ok fills=278 proj=61526cda5ff1 (13.7s)
BANK_BL_07_p14__tuple_T_input__raw_same_b_wait__warmup_ready: ok fills=274 proj=34b7334cb068 (14.1s)
BANK_BL_07_p14__tuple_T_input__raw_rsi_sm_simpl: ok fills=338 proj=1e9848f5a90c (13.3s)
BANK_BL_07_p14__tuple_T_input__raw_rsi_sm_simpl_warmup_ready: ok fills=324 proj=e2f307941a6c (13.9s)
BANK_BL_07_p14__tuple_T_input__raw_rsi_sm_simpl_same_b_wait_: ok fills=324 proj=9d5ecb82b6e5 (13.6s)
BANK_BL_07_p14__tuple_T_input__raw_rsi_sm_simpl_same_b_wait__warmup_ready: ok fills=314 proj=945418791e50 (13.5s)
BANK_BL_07_p21__tuple_T_same_b_wait__warmup_ready: ok fills=252 proj=cdc768eb2ed0 (13.5s)
BANK_BL_07_p21__tuple_T_rsi_sm_simpl_warmup_ready: ok fills=280 proj=a2bc193f5116 (14.4s)
BANK_BL_07_p21__tuple_T_rsi_sm_simpl_same_b_wait_: ok fills=268 proj=4d8aec0fb0a6 (14.1s)
BANK_BL_07_p21__tuple_T_rsi_sm_simpl_same_b_wait__warmup_ready: ok fills=266 proj=0766d9868640 (13.9s)
BANK_BL_07_p21__tuple_T_input__raw_warmup_ready: ok fills=264 proj=8dae5892e7a1 (14.7s)
BANK_BL_07_p21__tuple_T_input__raw_same_b_wait_: ok fills=262 proj=b489f4d949e1 (17.8s)
BANK_BL_07_p21__tuple_T_input__raw_same_b_wait__warmup_ready: ok fills=262 proj=b489f4d949e1 (16.8s)
BANK_BL_07_p21__tuple_T_input__raw_rsi_sm_simpl: ok fills=300 proj=b9a59d392078 (18.6s)
BANK_BL_07_p21__tuple_T_input__raw_rsi_sm_simpl_warmup_ready: ok fills=298 proj=47e7992c7f38 (17.7s)
BANK_BL_07_p21__tuple_T_input__raw_rsi_sm_simpl_same_b_wait_: ok fills=286 proj=95ec13062d8c (17.8s)
BANK_BL_07_p21__tuple_T_input__raw_rsi_sm_simpl_same_b_wait__warmup_ready: ok fills=284 proj=44d2bb770623 (18.3s)
BANK_BL_08_t50__tuple_T_same_b_wait__warmup_ready: ok fills=336 proj=6eeedb6cf9e4 (20.7s)
BANK_BL_08_t50__tuple_T_rsi_sm_simpl_warmup_ready: ok fills=380 proj=6b64392f7cb8 (17.8s)
BANK_BL_08_t50__tuple_T_rsi_sm_simpl_same_b_wait_: ok fills=362 proj=e03772b6ee7f (18.7s)
BANK_BL_08_t50__tuple_T_rsi_sm_simpl_same_b_wait__warmup_ready: ok fills=348 proj=cd2b83b01f34 (19.0s)
BANK_BL_08_t50__tuple_T_input__raw_warmup_ready: ok fills=366 proj=63a8fca409ae (19.7s)
BANK_BL_08_t50__tuple_T_input__raw_same_b_wait_: ok fills=356 proj=87212f95339e (19.9s)
BANK_BL_08_t50__tuple_T_input__raw_same_b_wait__warmup_ready: ok fills=346 proj=af7e1c70c11c (19.7s)
BANK_BL_08_t50__tuple_T_input__raw_rsi_sm_simpl: ok fills=420 proj=2d695f341ac2 (27.4s)
BANK_BL_08_t50__tuple_T_input__raw_rsi_sm_simpl_warmup_ready: ok fills=398 proj=9aba94c4ae32 (19.3s)
BANK_BL_08_t50__tuple_T_input__raw_rsi_sm_simpl_same_b_wait_: ok fills=380 proj=c84df5a88a53 (18.5s)
BANK_BL_08_t50__tuple_T_input__raw_rsi_sm_simpl_same_b_wait__warmup_ready: ok fills=366 proj=53de4b6fdc29 (18.1s)
BANK_BL_08_t60__tuple_T_same_b_wait__warmup_ready: ok fills=262 proj=32773100361d (19.0s)
BANK_BL_08_t60__tuple_T_rsi_sm_simpl_warmup_ready: ok fills=306 proj=5dfb434fcf7d (19.6s)
BANK_BL_08_t60__tuple_T_rsi_sm_simpl_same_b_wait_: ok fills=306 proj=4cf3cbb4e359 (20.3s)
BANK_BL_08_t60__tuple_T_rsi_sm_simpl_same_b_wait__warmup_ready: ok fills=296 proj=f135e3609a3d (20.1s)
BANK_BL_08_t60__tuple_T_input__raw_warmup_ready: ok fills=276 proj=53e86f244b26 (18.5s)
BANK_BL_08_t60__tuple_T_input__raw_same_b_wait_: ok fills=278 proj=61526cda5ff1 (17.5s)
BANK_BL_08_t60__tuple_T_input__raw_same_b_wait__warmup_ready: ok fills=274 proj=34b7334cb068 (17.2s)
BANK_BL_08_t60__tuple_T_input__raw_rsi_sm_simpl: ok fills=338 proj=1e9848f5a90c (16.8s)
BANK_BL_08_t60__tuple_T_input__raw_rsi_sm_simpl_warmup_ready: ok fills=324 proj=e2f307941a6c (18.8s)
BANK_BL_08_t60__tuple_T_input__raw_rsi_sm_simpl_same_b_wait_: ok fills=324 proj=9d5ecb82b6e5 (18.3s)
BANK_BL_08_t60__tuple_T_input__raw_rsi_sm_simpl_same_b_wait__warmup_ready: ok fills=314 proj=945418791e50 (18.6s)
BANK_BL_08_t70__tuple_T_same_b_wait__warmup_ready: ok fills=202 proj=558cf765f7d2 (18.1s)
BANK_BL_08_t70__tuple_T_rsi_sm_simpl_warmup_ready: ok fills=246 proj=881e794cf605 (18.6s)
BANK_BL_08_t70__tuple_T_rsi_sm_simpl_same_b_wait_: ok fills=242 proj=795490ebdf2c (20.5s)
BANK_BL_08_t70__tuple_T_rsi_sm_simpl_same_b_wait__warmup_ready: ok fills=240 proj=31e08b5eec12 (23.0s)
BANK_BL_08_t70__tuple_T_input__raw_warmup_ready: ok fills=216 proj=fee98bd67f53 (17.0s)
BANK_BL_08_t70__tuple_T_input__raw_same_b_wait_: ok fills=216 proj=fee98bd67f53 (18.7s)
BANK_BL_08_t70__tuple_T_input__raw_same_b_wait__warmup_ready: ok fills=216 proj=fee98bd67f53 (18.4s)
BANK_BL_08_t70__tuple_T_input__raw_rsi_sm_simpl: ok fills=264 proj=7af8511a15cf (18.6s)
BANK_BL_08_t70__tuple_T_input__raw_rsi_sm_simpl_warmup_ready: ok fills=262 proj=25139611f4d7 (17.2s)
BANK_BL_08_t70__tuple_T_input__raw_rsi_sm_simpl_same_b_wait_: ok fills=260 proj=fb86246318d2 (18.2s)
BANK_BL_08_t70__tuple_T_input__raw_rsi_sm_simpl_same_b_wait__warmup_ready: ok fills=258 proj=0148d79233b2 (16.7s)
BANK_BL_08_t80__tuple_T_same_b_wait__warmup_ready: ok fills=144 proj=8013e799a778 (19.3s)
BANK_BL_08_t80__tuple_T_rsi_sm_simpl_warmup_ready: ok fills=192 proj=b7de6177e83b (17.9s)
BANK_BL_08_t80__tuple_T_rsi_sm_simpl_same_b_wait_: ok fills=190 proj=a84fc38f46dd (17.4s)
BANK_BL_08_t80__tuple_T_rsi_sm_simpl_same_b_wait__warmup_ready: ok fills=190 proj=a84fc38f46dd (18.2s)
BANK_BL_08_t80__tuple_T_input__raw_warmup_ready: ok fills=162 proj=93fcb0eebb55 (18.8s)
BANK_BL_08_t80__tuple_T_input__raw_same_b_wait_: ok fills=162 proj=93fcb0eebb55 (13.7s)
BANK_BL_08_t80__tuple_T_input__raw_same_b_wait__warmup_ready: ok fills=162 proj=93fcb0eebb55 (13.5s)
BANK_BL_08_t80__tuple_T_input__raw_rsi_sm_simpl: ok fills=212 proj=c90715b9bd99 (13.8s)
BANK_BL_08_t80__tuple_T_input__raw_rsi_sm_simpl_warmup_ready: ok fills=212 proj=c90715b9bd99 (13.9s)
BANK_BL_08_t80__tuple_T_input__raw_rsi_sm_simpl_same_b_wait_: ok fills=210 proj=48414c3085f2 (14.1s)
BANK_BL_08_t80__tuple_T_input__raw_rsi_sm_simpl_same_b_wait__warmup_ready: ok fills=210 proj=48414c3085f2 (14.0s)
BANK_BL_09_all__tuple_T_same_b_wait__warmup_ready: ok fills=262 proj=d8419e938515 (13.9s)
BANK_BL_09_all__tuple_T_rsi_sm_simpl_warmup_ready: ok fills=306 proj=a3a10d75cfd3 (13.7s)
BANK_BL_09_all__tuple_T_rsi_sm_simpl_same_b_wait_: ok fills=306 proj=1e4291bd0771 (14.2s)
BANK_BL_09_all__tuple_T_rsi_sm_simpl_same_b_wait__warmup_ready: ok fills=296 proj=d98d1fdbad8b (13.9s)
BANK_BL_09_all__tuple_T_input__raw_warmup_ready: ok fills=276 proj=d9dd03f0a6fc (13.5s)
BANK_BL_09_all__tuple_T_input__raw_same_b_wait_: ok fills=278 proj=30c81ee097d3 (14.1s)
BANK_BL_09_all__tuple_T_input__raw_same_b_wait__warmup_ready: ok fills=274 proj=fbfe36a7a669 (14.2s)
BANK_BL_09_all__tuple_T_input__raw_rsi_sm_simpl: ok fills=338 proj=9873c017c9ed (13.5s)
BANK_BL_09_all__tuple_T_input__raw_rsi_sm_simpl_warmup_ready: ok fills=324 proj=1e9cbc90277c (13.5s)
BANK_BL_09_all__tuple_T_input__raw_rsi_sm_simpl_same_b_wait_: ok fills=324 proj=036a01e7aa2a (13.8s)
BANK_BL_09_all__tuple_T_input__raw_rsi_sm_simpl_same_b_wait__warmup_ready: ok fills=314 proj=d4195008974d (13.5s)
BANK_BL_09_all__tuple_T_a_exec_set_h_warmup_ready: ok fills=266 proj=030f23fcec12 (13.5s)
BANK_BL_09_all__tuple_T_a_exec_set_h_same_b_wait_: ok fills=266 proj=7d7566ee3e9a (14.1s)
BANK_BL_09_all__tuple_T_a_exec_set_h_same_b_wait__warmup_ready: ok fills=262 proj=1ca9a3ba8002 (12.9s)
BANK_BL_09_all__tuple_T_a_exec_set_h_rsi_sm_simpl: ok fills=320 proj=2493faeb29aa (15.2s)
BANK_BL_09_all__tuple_T_a_exec_set_h_rsi_sm_simpl_warmup_ready: ok fills=306 proj=049620fb0e07 (14.8s)
BANK_BL_09_all__tuple_T_a_exec_set_h_rsi_sm_simpl_same_b_wait_: ok fills=306 proj=7e4934007a87 (14.3s)
BANK_BL_09_all__tuple_T_a_exec_set_h_rsi_sm_simpl_same_b_wait__warmup_ready: ok fills=296 proj=c2f4384b1054 (16.5s)
BANK_BL_09_all__tuple_T_a_exec_set_h_input__raw: ok fills=280 proj=c1eb1d180c86 (13.9s)
BANK_BL_09_all__tuple_T_a_exec_set_h_input__raw_warmup_ready: ok fills=276 proj=13bb059e09fb (13.9s)
BANK_BL_09_all__tuple_T_a_exec_set_h_input__raw_same_b_wait_: ok fills=278 proj=5a04950dbd5d (13.5s)
BANK_BL_09_all__tuple_T_a_exec_set_h_input__raw_same_b_wait__warmup_ready: ok fills=274 proj=bdbe9193f349 (15.0s)
BANK_BL_09_all__tuple_T_a_exec_set_h_input__raw_rsi_sm_simpl: ok fills=338 proj=1398f744b885 (13.8s)
BANK_BL_09_all__tuple_T_a_exec_set_h_input__raw_rsi_sm_simpl_warmup_ready: ok fills=324 proj=1855628b43fa (14.0s)
BANK_BL_09_all__tuple_T_a_exec_set_h_input__raw_rsi_sm_simpl_same_b_wait_: ok fills=324 proj=5acfb26c66ce (14.5s)
BANK_BL_09_all__tuple_T_a_exec_set_h_input__raw_rsi_sm_simpl_same_b_wait__warmup_ready: ok fills=314 proj=918b45f8443a (14.8s)
BANK_BL_09_half_down_lastsell__tuple_T_same_b_wait__warmup_ready: ok fills=209 proj=6365b9fc29d9 (14.5s)
BANK_BL_09_half_down_lastsell__tuple_T_rsi_sm_simpl_warmup_ready: ok fills=253 proj=aac2d87306c1 (14.9s)
BANK_BL_09_half_down_lastsell__tuple_T_rsi_sm_simpl_same_b_wait_: ok fills=253 proj=35e147157469 (13.5s)
BANK_BL_09_half_down_lastsell__tuple_T_rsi_sm_simpl_same_b_wait__warmup_ready: ok fills=243 proj=13c5fdce9fdd (13.6s)
BANK_BL_09_half_down_lastsell__tuple_T_input__raw_warmup_ready: ok fills=214 proj=7e6f56fefa97 (13.5s)
BANK_BL_09_half_down_lastsell__tuple_T_input__raw_same_b_wait_: ok fills=216 proj=2b6054f4f060 (13.7s)
BANK_BL_09_half_down_lastsell__tuple_T_input__raw_same_b_wait__warmup_ready: ok fills=212 proj=398641c485e2 (13.8s)
BANK_BL_09_half_down_lastsell__tuple_T_input__raw_rsi_sm_simpl: ok fills=276 proj=eb632a142f57 (14.1s)
BANK_BL_09_half_down_lastsell__tuple_T_input__raw_rsi_sm_simpl_warmup_ready: ok fills=262 proj=7615cfb6a80f (14.5s)
BANK_BL_09_half_down_lastsell__tuple_T_input__raw_rsi_sm_simpl_same_b_wait_: ok fills=262 proj=a8fbe3179b11 (13.5s)
BANK_BL_09_half_down_lastsell__tuple_T_input__raw_rsi_sm_simpl_same_b_wait__warmup_ready: ok fills=252 proj=647904897eaf (14.1s)
BANK_BL_09_half_down_lastsell__tuple_T_a_exec_set_h_warmup_ready: ok fills=213 proj=2cfce5ca38a4 (14.4s)
BANK_BL_09_half_down_lastsell__tuple_T_a_exec_set_h_same_b_wait_: ok fills=213 proj=a80f80edd4af (15.8s)
BANK_BL_09_half_down_lastsell__tuple_T_a_exec_set_h_same_b_wait__warmup_ready: ok fills=209 proj=4cb86a073e89 (14.9s)
BANK_BL_09_half_down_lastsell__tuple_T_a_exec_set_h_rsi_sm_simpl: ok fills=267 proj=cb43d40e2033 (14.6s)
BANK_BL_09_half_down_lastsell__tuple_T_a_exec_set_h_rsi_sm_simpl_warmup_ready: ok fills=253 proj=e5f6fe12ab8b (14.6s)
BANK_BL_09_half_down_lastsell__tuple_T_a_exec_set_h_rsi_sm_simpl_same_b_wait_: ok fills=253 proj=f72a7610bb01 (14.7s)
BANK_BL_09_half_down_lastsell__tuple_T_a_exec_set_h_rsi_sm_simpl_same_b_wait__warmup_ready: ok fills=243 proj=c315b8222cfa (14.9s)
BANK_BL_09_half_down_lastsell__tuple_T_a_exec_set_h_input__raw: ok fills=218 proj=bd43fd9413a0 (13.9s)
BANK_BL_09_half_down_lastsell__tuple_T_a_exec_set_h_input__raw_warmup_ready: ok fills=214 proj=ac25c4bba9ed (15.3s)
BANK_BL_09_half_down_lastsell__tuple_T_a_exec_set_h_input__raw_same_b_wait_: ok fills=216 proj=1df6a3e2bde8 (14.0s)
BANK_BL_09_half_down_lastsell__tuple_T_a_exec_set_h_input__raw_same_b_wait__warmup_ready: ok fills=212 proj=e0d4ac26b66b (21.5s)
BANK_BL_09_half_down_lastsell__tuple_T_a_exec_set_h_input__raw_rsi_sm_simpl: ok fills=276 proj=8841e39d76e6 (22.4s)
BANK_BL_09_half_down_lastsell__tuple_T_a_exec_set_h_input__raw_rsi_sm_simpl_warmup_ready: ok fills=262 proj=1e5da5931520 (15.3s)
BANK_BL_09_half_down_lastsell__tuple_T_a_exec_set_h_input__raw_rsi_sm_simpl_same_b_wait_: ok fills=262 proj=28f445c2531f (14.3s)
BANK_BL_09_half_down_lastsell__tuple_T_a_exec_set_h_input__raw_rsi_sm_simpl_same_b_wait__warmup_ready: ok fills=252 proj=3af568399bef (14.5s)
BANK_BL_09_half_down_hold__tuple_T_same_b_wait__warmup_ready: ok fills=161 proj=0497d058b2f4 (14.4s)
BANK_BL_09_half_down_hold__tuple_T_rsi_sm_simpl_warmup_ready: ok fills=205 proj=0497d058b2f4 (14.3s)
BANK_BL_09_half_down_hold__tuple_T_rsi_sm_simpl_same_b_wait_: ok fills=205 proj=4078a9ef4398 (13.4s)
BANK_BL_09_half_down_hold__tuple_T_rsi_sm_simpl_same_b_wait__warmup_ready: ok fills=195 proj=0497d058b2f4 (13.8s)
BANK_BL_09_half_down_hold__tuple_T_input__raw_warmup_ready: ok fills=154 proj=ce9fd07d6e74 (14.7s)
BANK_BL_09_half_down_hold__tuple_T_input__raw_same_b_wait_: ok fills=156 proj=7cf252cf843f (16.0s)
BANK_BL_09_half_down_hold__tuple_T_input__raw_same_b_wait__warmup_ready: ok fills=152 proj=ce9fd07d6e74 (14.3s)
BANK_BL_09_half_down_hold__tuple_T_input__raw_rsi_sm_simpl: ok fills=216 proj=3da49cbc2bdc (14.5s)
BANK_BL_09_half_down_hold__tuple_T_input__raw_rsi_sm_simpl_warmup_ready: ok fills=202 proj=ce9fd07d6e74 (14.5s)
BANK_BL_09_half_down_hold__tuple_T_input__raw_rsi_sm_simpl_same_b_wait_: ok fills=202 proj=ccf61e4a0282 (14.5s)
BANK_BL_09_half_down_hold__tuple_T_input__raw_rsi_sm_simpl_same_b_wait__warmup_ready: ok fills=192 proj=ce9fd07d6e74 (14.6s)
BANK_BL_09_half_down_hold__tuple_T_a_exec_set_h_warmup_ready: ok fills=165 proj=1f881cba8a3b (15.3s)
BANK_BL_09_half_down_hold__tuple_T_a_exec_set_h_same_b_wait_: ok fills=165 proj=b6eca21679f1 (14.1s)
BANK_BL_09_half_down_hold__tuple_T_a_exec_set_h_same_b_wait__warmup_ready: ok fills=161 proj=1f881cba8a3b (15.6s)
BANK_BL_09_half_down_hold__tuple_T_a_exec_set_h_rsi_sm_simpl: ok fills=219 proj=2ffc20c68999 (14.7s)
BANK_BL_09_half_down_hold__tuple_T_a_exec_set_h_rsi_sm_simpl_warmup_ready: ok fills=205 proj=1f881cba8a3b (14.7s)
BANK_BL_09_half_down_hold__tuple_T_a_exec_set_h_rsi_sm_simpl_same_b_wait_: ok fills=205 proj=54e19f8a6f93 (14.8s)
BANK_BL_09_half_down_hold__tuple_T_a_exec_set_h_rsi_sm_simpl_same_b_wait__warmup_ready: ok fills=195 proj=1f881cba8a3b (15.5s)
BANK_BL_09_half_down_hold__tuple_T_a_exec_set_h_input__raw: ok fills=158 proj=fa1ba461e186 (13.9s)
BANK_BL_09_half_down_hold__tuple_T_a_exec_set_h_input__raw_warmup_ready: ok fills=154 proj=ccf61e4a0282 (14.1s)
BANK_BL_09_half_down_hold__tuple_T_a_exec_set_h_input__raw_same_b_wait_: ok fills=156 proj=fa1ba461e186 (14.3s)
BANK_BL_09_half_down_hold__tuple_T_a_exec_set_h_input__raw_same_b_wait__warmup_ready: ok fills=152 proj=ccf61e4a0282 (14.1s)
BANK_BL_09_half_down_hold__tuple_T_a_exec_set_h_input__raw_rsi_sm_simpl: ok fills=216 proj=fb5b38b365b0 (14.1s)
BANK_BL_09_half_down_hold__tuple_T_a_exec_set_h_input__raw_rsi_sm_simpl_warmup_ready: ok fills=202 proj=ccf61e4a0282 (13.3s)
BANK_BL_09_half_down_hold__tuple_T_a_exec_set_h_input__raw_rsi_sm_simpl_same_b_wait_: ok fills=202 proj=a043003992ae (14.4s)
BANK_BL_09_half_down_hold__tuple_T_a_exec_set_h_input__raw_rsi_sm_simpl_same_b_wait__warmup_ready: ok fills=192 proj=ccf61e4a0282 (14.3s)
BANK_BL_09_half_up__tuple_T_same_b_wait__warmup_ready: ok fills=209 proj=bccda51d2187 (15.2s)
BANK_BL_09_half_up__tuple_T_rsi_sm_simpl_warmup_ready: ok fills=253 proj=e10dfcef5504 (14.8s)
BANK_BL_09_half_up__tuple_T_rsi_sm_simpl_same_b_wait_: ok fills=253 proj=65a447db0369 (16.1s)
BANK_BL_09_half_up__tuple_T_rsi_sm_simpl_same_b_wait__warmup_ready: ok fills=243 proj=3b36013a4518 (17.7s)
BANK_BL_09_half_up__tuple_T_input__raw_warmup_ready: ok fills=214 proj=ddc9645f8da2 (13.8s)
BANK_BL_09_half_up__tuple_T_input__raw_same_b_wait_: ok fills=216 proj=d735d3d933f8 (16.6s)
BANK_BL_09_half_up__tuple_T_input__raw_same_b_wait__warmup_ready: ok fills=212 proj=ed4e59be83bc (16.7s)
BANK_BL_09_half_up__tuple_T_input__raw_rsi_sm_simpl: ok fills=276 proj=87c1991a2dc7 (17.1s)
BANK_BL_09_half_up__tuple_T_input__raw_rsi_sm_simpl_warmup_ready: ok fills=262 proj=16a0ddaf7ed6 (17.0s)
BANK_BL_09_half_up__tuple_T_input__raw_rsi_sm_simpl_same_b_wait_: ok fills=262 proj=b78c1ab33781 (16.1s)
BANK_BL_09_half_up__tuple_T_input__raw_rsi_sm_simpl_same_b_wait__warmup_ready: ok fills=252 proj=5d13655031ad (14.8s)
BANK_BL_09_half_up__tuple_T_a_exec_set_h_warmup_ready: ok fills=213 proj=f6dbde841e39 (14.5s)
BANK_BL_09_half_up__tuple_T_a_exec_set_h_same_b_wait_: ok fills=213 proj=0a922298e036 (14.9s)
BANK_BL_09_half_up__tuple_T_a_exec_set_h_same_b_wait__warmup_ready: ok fills=209 proj=15b89e38b66e (14.3s)
BANK_BL_09_half_up__tuple_T_a_exec_set_h_rsi_sm_simpl: ok fills=267 proj=e9496ffb8c40 (14.9s)
BANK_BL_09_half_up__tuple_T_a_exec_set_h_rsi_sm_simpl_warmup_ready: ok fills=253 proj=88936f35a27d (14.5s)
BANK_BL_09_half_up__tuple_T_a_exec_set_h_rsi_sm_simpl_same_b_wait_: ok fills=253 proj=1c284deb0f21 (14.0s)
BANK_BL_09_half_up__tuple_T_a_exec_set_h_rsi_sm_simpl_same_b_wait__warmup_ready: ok fills=243 proj=6765a493d653 (15.4s)
BANK_BL_09_half_up__tuple_T_a_exec_set_h_input__raw: ok fills=218 proj=b25a4b74880b (13.9s)
BANK_BL_09_half_up__tuple_T_a_exec_set_h_input__raw_warmup_ready: ok fills=214 proj=9ac256668993 (14.5s)
BANK_BL_09_half_up__tuple_T_a_exec_set_h_input__raw_same_b_wait_: ok fills=216 proj=e2a44d3843e3 (13.9s)
BANK_BL_09_half_up__tuple_T_a_exec_set_h_input__raw_same_b_wait__warmup_ready: ok fills=212 proj=90fc1e4ef046 (15.0s)
BANK_BL_09_half_up__tuple_T_a_exec_set_h_input__raw_rsi_sm_simpl: ok fills=276 proj=905670decaf2 (13.5s)
BANK_BL_09_half_up__tuple_T_a_exec_set_h_input__raw_rsi_sm_simpl_warmup_ready: ok fills=262 proj=8f8ec8823dcd (13.9s)
BANK_BL_09_half_up__tuple_T_a_exec_set_h_input__raw_rsi_sm_simpl_same_b_wait_: ok fills=262 proj=f6460560c315 (14.2s)
BANK_BL_09_half_up__tuple_T_a_exec_set_h_input__raw_rsi_sm_simpl_same_b_wait__warmup_ready: ok fills=252 proj=218848bfe950 (14.1s)
BANK_ER_01_R1__tuple_T_same_b_wait__warmup_ready: ok fills=171 proj=5795f14e21c1 (14.3s)
BANK_ER_01_R1__tuple_T_input__raw_warmup_ready: ok fills=173 proj=8417df172384 (14.2s)
BANK_ER_01_R1__tuple_T_input__raw_same_b_wait_: ok fills=187 proj=1bab5169ef17 (14.1s)
BANK_ER_01_R1__tuple_T_input__raw_same_b_wait__warmup_ready: ok fills=171 proj=8417df172384 (13.9s)
BANK_ER_01_R2__tuple_T_same_b_wait__warmup_ready: ok fills=169 proj=72884e2e1fc1 (13.1s)
BANK_ER_01_R2__tuple_T_input__raw_warmup_ready: ok fills=172 proj=63e921a8ddc9 (14.1s)
BANK_ER_01_R2__tuple_T_input__raw_same_b_wait_: ok fills=182 proj=56419c75e3e5 (13.8s)
BANK_ER_01_R2__tuple_T_input__raw_same_b_wait__warmup_ready: ok fills=166 proj=92e20055f013 (13.7s)
BANK_ER_01_R3__tuple_T_same_b_wait__warmup_ready: ok fills=148 proj=dbc2c51d453d (13.9s)
BANK_ER_01_R3__tuple_T_input__raw_warmup_ready: ok fills=142 proj=8cb45dbc7ff0 (13.8s)
BANK_ER_01_R3__tuple_T_input__raw_same_b_wait_: ok fills=154 proj=9fbac449def8 (14.3s)
BANK_ER_01_R3__tuple_T_input__raw_same_b_wait__warmup_ready: ok fills=140 proj=8cb45dbc7ff0 (15.6s)
BANK_ER_01_R4__tuple_T_same_b_wait__warmup_ready: ok fills=148 proj=6ff460294b8b (17.6s)
BANK_ER_01_R4__tuple_T_input__raw_warmup_ready: ok fills=142 proj=4be2f5bec345 (16.3s)
BANK_ER_01_R4__tuple_T_input__raw_same_b_wait_: ok fills=154 proj=fb2bcdf567dd (14.9s)
BANK_ER_01_R4__tuple_T_input__raw_same_b_wait__warmup_ready: ok fills=140 proj=4be2f5bec345 (13.8s)
BANK_ER_01_R5__tuple_T_same_b_wait__warmup_ready: ok fills=171 proj=a356897abd14 (14.4s)
BANK_ER_01_R5__tuple_T_input__raw_warmup_ready: ok fills=175 proj=5d894f487625 (14.1s)
BANK_ER_01_R5__tuple_T_input__raw_same_b_wait_: ok fills=187 proj=229ba917ead9 (14.7s)
BANK_ER_01_R5__tuple_T_input__raw_same_b_wait__warmup_ready: ok fills=171 proj=0b1fe8e3db74 (14.3s)
BANK_ER_01_R6__tuple_T_same_b_wait__warmup_ready: ok fills=154 proj=30a3f92e1a55 (16.2s)
BANK_ER_01_R6__tuple_T_input__raw_warmup_ready: ok fills=148 proj=ebbe9b7127f7 (17.1s)
BANK_ER_01_R6__tuple_T_input__raw_same_b_wait_: ok fills=162 proj=c417fc4994b1 (14.9s)
BANK_ER_01_R6__tuple_T_input__raw_same_b_wait__warmup_ready: ok fills=146 proj=ebbe9b7127f7 (14.8s)
BANK_OM_B_private__tuple_T_same_b_wait__warmup_ready: ok fills=262 proj=e2e3c10ff3b0 (15.7s)
BANK_OM_B_private__tuple_T_rsi_sm_simpl_warmup_ready: ok fills=306 proj=d52ff6cbeab4 (16.8s)
BANK_OM_B_private__tuple_T_rsi_sm_simpl_same_b_wait_: ok fills=306 proj=2859243d7a58 (20.1s)
BANK_OM_B_private__tuple_T_rsi_sm_simpl_same_b_wait__warmup_ready: ok fills=296 proj=d22add18c3fb (14.9s)
BANK_OM_B_private__tuple_T_input__raw_warmup_ready: ok fills=276 proj=c4221f075f22 (15.1s)
BANK_OM_B_private__tuple_T_input__raw_same_b_wait_: ok fills=278 proj=a42e574c5a1a (14.0s)
BANK_OM_B_private__tuple_T_input__raw_same_b_wait__warmup_ready: ok fills=274 proj=a06245bb9bc6 (14.0s)
BANK_OM_B_private__tuple_T_input__raw_rsi_sm_simpl: ok fills=338 proj=7b3d5fa12601 (14.3s)
BANK_OM_B_private__tuple_T_input__raw_rsi_sm_simpl_warmup_ready: ok fills=324 proj=cd71c4f9261b (13.7s)
BANK_OM_B_private__tuple_T_input__raw_rsi_sm_simpl_same_b_wait_: ok fills=324 proj=909e529bc202 (15.0s)
BANK_OM_B_private__tuple_T_input__raw_rsi_sm_simpl_same_b_wait__warmup_ready: ok fills=314 proj=ad5c6beca1d8 (14.5s)
BANK_OM_B_private__tuple_T_a_exec_set_h_warmup_ready: ok fills=266 proj=8ea99a970970 (15.1s)
BANK_OM_B_private__tuple_T_a_exec_set_h_same_b_wait_: ok fills=266 proj=ef1a2827f4b4 (15.1s)
BANK_OM_B_private__tuple_T_a_exec_set_h_same_b_wait__warmup_ready: ok fills=262 proj=238ad415124d (15.9s)
BANK_OM_B_private__tuple_T_a_exec_set_h_rsi_sm_simpl: ok fills=320 proj=7e330cdbf18b (14.8s)
BANK_OM_B_private__tuple_T_a_exec_set_h_rsi_sm_simpl_warmup_ready: ok fills=306 proj=edfbc60793e4 (18.7s)
BANK_OM_B_private__tuple_T_a_exec_set_h_rsi_sm_simpl_same_b_wait_: ok fills=306 proj=ae990125cd97 (16.2s)
BANK_OM_B_private__tuple_T_a_exec_set_h_rsi_sm_simpl_same_b_wait__warmup_ready: ok fills=296 proj=95d48ef8e4fe (15.9s)
BANK_OM_B_private__tuple_T_a_exec_set_h_input__raw: ok fills=280 proj=60dd76e5a071 (14.6s)
BANK_OM_B_private__tuple_T_a_exec_set_h_input__raw_warmup_ready: ok fills=276 proj=22125c6c5662 (15.5s)
BANK_OM_B_private__tuple_T_a_exec_set_h_input__raw_same_b_wait_: ok fills=278 proj=1e4e66990942 (15.0s)
BANK_OM_B_private__tuple_T_a_exec_set_h_input__raw_same_b_wait__warmup_ready: ok fills=274 proj=97215a5d1776 (15.5s)
BANK_OM_B_private__tuple_T_a_exec_set_h_input__raw_rsi_sm_simpl: ok fills=338 proj=2bba937e0c20 (15.3s)
BANK_OM_B_private__tuple_T_a_exec_set_h_input__raw_rsi_sm_simpl_warmup_ready: ok fills=324 proj=848676a80b54 (17.4s)
BANK_OM_B_private__tuple_T_a_exec_set_h_input__raw_rsi_sm_simpl_same_b_wait_: ok fills=324 proj=978f190b3d35 (16.4s)
BANK_OM_B_private__tuple_T_a_exec_set_h_input__raw_rsi_sm_simpl_same_b_wait__warmup_ready: ok fills=314 proj=edba9ac22338 (14.0s)
BANK_OM_B_shared__tuple_T_same_b_wait__warmup_ready: ok fills=262 proj=e2e3c10ff3b0 (14.7s)
BANK_OM_B_shared__tuple_T_rsi_sm_simpl_warmup_ready: ok fills=296 proj=d22add18c3fb (18.9s)
BANK_OM_B_shared__tuple_T_rsi_sm_simpl_same_b_wait_: ok fills=306 proj=2859243d7a58 (18.4s)
BANK_OM_B_shared__tuple_T_rsi_sm_simpl_same_b_wait__warmup_ready: ok fills=296 proj=d22add18c3fb (18.5s)
BANK_OM_B_shared__tuple_T_input__raw_warmup_ready: ok fills=274 proj=a06245bb9bc6 (17.0s)
BANK_OM_B_shared__tuple_T_input__raw_same_b_wait_: ok fills=278 proj=a42e574c5a1a (16.1s)
BANK_OM_B_shared__tuple_T_input__raw_same_b_wait__warmup_ready: ok fills=274 proj=a06245bb9bc6 (15.7s)
BANK_OM_B_shared__tuple_T_input__raw_rsi_sm_simpl: ok fills=324 proj=909e529bc202 (16.3s)
BANK_OM_B_shared__tuple_T_input__raw_rsi_sm_simpl_warmup_ready: ok fills=314 proj=ad5c6beca1d8 (16.0s)
BANK_OM_B_shared__tuple_T_input__raw_rsi_sm_simpl_same_b_wait_: ok fills=324 proj=909e529bc202 (15.4s)
BANK_OM_B_shared__tuple_T_input__raw_rsi_sm_simpl_same_b_wait__warmup_ready: ok fills=314 proj=ad5c6beca1d8 (14.9s)
BANK_OM_B_shared__tuple_T_a_exec_set_h_warmup_ready: ok fills=262 proj=238ad415124d (16.0s)
BANK_OM_B_shared__tuple_T_a_exec_set_h_same_b_wait_: ok fills=266 proj=ef1a2827f4b4 (15.4s)
BANK_OM_B_shared__tuple_T_a_exec_set_h_same_b_wait__warmup_ready: ok fills=262 proj=238ad415124d (15.4s)
BANK_OM_B_shared__tuple_T_a_exec_set_h_rsi_sm_simpl: ok fills=306 proj=ae990125cd97 (15.5s)
BANK_OM_B_shared__tuple_T_a_exec_set_h_rsi_sm_simpl_warmup_ready: ok fills=296 proj=95d48ef8e4fe (15.9s)
BANK_OM_B_shared__tuple_T_a_exec_set_h_rsi_sm_simpl_same_b_wait_: ok fills=306 proj=ae990125cd97 (20.3s)
BANK_OM_B_shared__tuple_T_a_exec_set_h_rsi_sm_simpl_same_b_wait__warmup_ready: ok fills=296 proj=95d48ef8e4fe (22.8s)
BANK_OM_B_shared__tuple_T_a_exec_set_h_input__raw: ok fills=278 proj=1e4e66990942 (16.8s)
BANK_OM_B_shared__tuple_T_a_exec_set_h_input__raw_warmup_ready: ok fills=274 proj=97215a5d1776 (17.2s)
BANK_OM_B_shared__tuple_T_a_exec_set_h_input__raw_same_b_wait_: ok fills=278 proj=1e4e66990942 (17.1s)
BANK_OM_B_shared__tuple_T_a_exec_set_h_input__raw_same_b_wait__warmup_ready: ok fills=274 proj=97215a5d1776 (18.3s)
BANK_OM_B_shared__tuple_T_a_exec_set_h_input__raw_rsi_sm_simpl: ok fills=324 proj=978f190b3d35 (20.6s)
BANK_OM_B_shared__tuple_T_a_exec_set_h_input__raw_rsi_sm_simpl_warmup_ready: ok fills=314 proj=edba9ac22338 (18.0s)
BANK_OM_B_shared__tuple_T_a_exec_set_h_input__raw_rsi_sm_simpl_same_b_wait_: ok fills=324 proj=978f190b3d35 (17.5s)
BANK_OM_B_shared__tuple_T_a_exec_set_h_input__raw_rsi_sm_simpl_same_b_wait__warmup_ready: ok fills=314 proj=edba9ac22338 (16.6s)
BANK_OM_B_netting__tuple_T_same_b_wait__warmup_ready: ok fills=423 proj=7686c57986b0 (18.1s)
BANK_OM_B_netting__tuple_T_rsi_sm_simpl_warmup_ready: ok fills=448 proj=f2da99a04716 (16.4s)
BANK_OM_B_netting__tuple_T_rsi_sm_simpl_same_b_wait_: ok fills=456 proj=6919b8a351df (15.3s)
BANK_OM_B_netting__tuple_T_rsi_sm_simpl_same_b_wait__warmup_ready: ok fills=435 proj=acd9f97fcb2a (14.9s)
BANK_OM_B_netting__tuple_T_input__raw_warmup_ready: ok fills=443 proj=9cf2913269da (15.0s)
BANK_OM_B_netting__tuple_T_input__raw_same_b_wait_: ok fills=460 proj=3fe4a69e72f2 (16.0s)
BANK_OM_B_netting__tuple_T_input__raw_same_b_wait__warmup_ready: ok fills=440 proj=5e3825e13096 (15.1s)
BANK_OM_B_netting__tuple_T_input__raw_rsi_sm_simpl: ok fills=492 proj=35f29d95ca54 (14.9s)
BANK_OM_B_netting__tuple_T_input__raw_rsi_sm_simpl_warmup_ready: ok fills=467 proj=e48b5caadbbb (18.6s)
BANK_OM_B_netting__tuple_T_input__raw_rsi_sm_simpl_same_b_wait_: ok fills=475 proj=c22696e25474 (16.7s)
BANK_OM_B_netting__tuple_T_input__raw_rsi_sm_simpl_same_b_wait__warmup_ready: ok fills=454 proj=ea11f057e96b (15.8s)
BANK_OM_B_netting__tuple_T_a_exec_set_h_warmup_ready: ok fills=428 proj=b2fb5392305e (15.3s)
BANK_OM_B_netting__tuple_T_a_exec_set_h_same_b_wait_: ok fills=443 proj=6f209f8b230f (15.5s)
BANK_OM_B_netting__tuple_T_a_exec_set_h_same_b_wait__warmup_ready: ok fills=423 proj=a3d302569a96 (15.3s)
BANK_OM_B_netting__tuple_T_a_exec_set_h_rsi_sm_simpl: ok fills=473 proj=9e5726d3414c (14.8s)
BANK_OM_B_netting__tuple_T_a_exec_set_h_rsi_sm_simpl_warmup_ready: ok fills=448 proj=b3960dd2c504 (16.2s)
BANK_OM_B_netting__tuple_T_a_exec_set_h_rsi_sm_simpl_same_b_wait_: ok fills=456 proj=5548b9ffc60c (14.9s)
BANK_OM_B_netting__tuple_T_a_exec_set_h_rsi_sm_simpl_same_b_wait__warmup_ready: ok fills=435 proj=3ec35a49d951 (14.6s)
BANK_OM_B_netting__tuple_T_a_exec_set_h_input__raw: ok fills=463 proj=82b03cbfb396 (18.1s)
BANK_OM_B_netting__tuple_T_a_exec_set_h_input__raw_warmup_ready: ok fills=443 proj=19cdb13d7413 (19.0s)
BANK_OM_B_netting__tuple_T_a_exec_set_h_input__raw_same_b_wait_: ok fills=460 proj=ff6495466f8a (16.1s)
BANK_OM_B_netting__tuple_T_a_exec_set_h_input__raw_same_b_wait__warmup_ready: ok fills=440 proj=f4765e88e47f (16.8s)
BANK_OM_B_netting__tuple_T_a_exec_set_h_input__raw_rsi_sm_simpl: ok fills=492 proj=4c943eacb64b (14.9s)
BANK_OM_B_netting__tuple_T_a_exec_set_h_input__raw_rsi_sm_simpl_warmup_ready: ok fills=467 proj=bea4f5e6f6dc (17.4s)
BANK_OM_B_netting__tuple_T_a_exec_set_h_input__raw_rsi_sm_simpl_same_b_wait_: ok fills=475 proj=d21ff0a331f5 (22.8s)
BANK_OM_B_netting__tuple_T_a_exec_set_h_input__raw_rsi_sm_simpl_same_b_wait__warmup_ready: ok fills=454 proj=15389cc88a73 (22.7s)
BANK_OM_C_parallel__tuple_T_same_b_wait__warmup_ready: ok fills=262 proj=e2e3c10ff3b0 (17.2s)
BANK_OM_C_parallel__tuple_T_rsi_sm_simpl_warmup_ready: ok fills=306 proj=d52ff6cbeab4 (14.9s)
BANK_OM_C_parallel__tuple_T_rsi_sm_simpl_same_b_wait_: ok fills=306 proj=2859243d7a58 (34.5s)
BANK_OM_C_parallel__tuple_T_rsi_sm_simpl_same_b_wait__warmup_ready: ok fills=296 proj=d22add18c3fb (18.3s)
BANK_OM_C_parallel__tuple_T_input__raw_warmup_ready: ok fills=276 proj=c4221f075f22 (20.9s)
BANK_OM_C_parallel__tuple_T_input__raw_same_b_wait_: ok fills=278 proj=a42e574c5a1a (21.4s)
BANK_OM_C_parallel__tuple_T_input__raw_same_b_wait__warmup_ready: ok fills=274 proj=a06245bb9bc6 (18.7s)
BANK_OM_C_parallel__tuple_T_input__raw_rsi_sm_simpl: ok fills=338 proj=7b3d5fa12601 (17.8s)
BANK_OM_C_parallel__tuple_T_input__raw_rsi_sm_simpl_warmup_ready: ok fills=324 proj=cd71c4f9261b (19.4s)
BANK_OM_C_parallel__tuple_T_input__raw_rsi_sm_simpl_same_b_wait_: ok fills=324 proj=909e529bc202 (21.9s)
BANK_OM_C_parallel__tuple_T_input__raw_rsi_sm_simpl_same_b_wait__warmup_ready: ok fills=314 proj=ad5c6beca1d8 (18.2s)
BANK_OM_C_parallel__tuple_T_a_exec_set_h_warmup_ready: ok fills=266 proj=8ea99a970970 (21.0s)
BANK_OM_C_parallel__tuple_T_a_exec_set_h_same_b_wait_: ok fills=266 proj=ef1a2827f4b4 (23.2s)
BANK_OM_C_parallel__tuple_T_a_exec_set_h_same_b_wait__warmup_ready: ok fills=262 proj=238ad415124d (23.0s)
BANK_OM_C_parallel__tuple_T_a_exec_set_h_rsi_sm_simpl: ok fills=320 proj=7e330cdbf18b (20.7s)
BANK_OM_C_parallel__tuple_T_a_exec_set_h_rsi_sm_simpl_warmup_ready: ok fills=306 proj=edfbc60793e4 (19.5s)
BANK_OM_C_parallel__tuple_T_a_exec_set_h_rsi_sm_simpl_same_b_wait_: ok fills=306 proj=ae990125cd97 (22.1s)
BANK_OM_C_parallel__tuple_T_a_exec_set_h_rsi_sm_simpl_same_b_wait__warmup_ready: ok fills=296 proj=95d48ef8e4fe (18.7s)
BANK_OM_C_parallel__tuple_T_a_exec_set_h_input__raw: ok fills=280 proj=60dd76e5a071 (18.3s)
BANK_OM_C_parallel__tuple_T_a_exec_set_h_input__raw_warmup_ready: ok fills=276 proj=22125c6c5662 (19.2s)
BANK_OM_C_parallel__tuple_T_a_exec_set_h_input__raw_same_b_wait_: ok fills=278 proj=1e4e66990942 (20.0s)
BANK_OM_C_parallel__tuple_T_a_exec_set_h_input__raw_same_b_wait__warmup_ready: ok fills=274 proj=97215a5d1776 (17.4s)
BANK_OM_C_parallel__tuple_T_a_exec_set_h_input__raw_rsi_sm_simpl: ok fills=338 proj=2bba937e0c20 (19.1s)
BANK_OM_C_parallel__tuple_T_a_exec_set_h_input__raw_rsi_sm_simpl_warmup_ready: ok fills=324 proj=848676a80b54 (33.3s)
BANK_OM_C_parallel__tuple_T_a_exec_set_h_input__raw_rsi_sm_simpl_same_b_wait_: ok fills=324 proj=978f190b3d35 (35.3s)
BANK_OM_C_parallel__tuple_T_a_exec_set_h_input__raw_rsi_sm_simpl_same_b_wait__warmup_ready: ok fills=314 proj=edba9ac22338 (27.0s)
BANK_OM_C_race__tuple_T_same_b_wait__warmup_ready: ok fills=127 proj=ea04f34886bf (23.8s)
BANK_OM_C_race__tuple_T_rsi_sm_simpl_warmup_ready: ok fills=169 proj=5bc67061ead0 (24.9s)
BANK_OM_C_race__tuple_T_rsi_sm_simpl_same_b_wait_: ok fills=179 proj=5458d053a606 (19.2s)
BANK_OM_C_race__tuple_T_rsi_sm_simpl_same_b_wait__warmup_ready: ok fills=169 proj=5bc67061ead0 (21.8s)
BANK_OM_C_race__tuple_T_input__raw_warmup_ready: ok fills=151 proj=ef7654ee7469 (23.4s)
BANK_OM_C_race__tuple_T_input__raw_same_b_wait_: ok fills=155 proj=3270b028f44d (20.3s)
BANK_OM_C_race__tuple_T_input__raw_same_b_wait__warmup_ready: ok fills=151 proj=ef7654ee7469 (19.7s)
BANK_OM_C_race__tuple_T_input__raw_rsi_sm_simpl: ok fills=195 proj=8ad0ef71cdc5 (23.5s)
BANK_OM_C_race__tuple_T_input__raw_rsi_sm_simpl_warmup_ready: ok fills=185 proj=010e2f8c25ff (20.1s)
BANK_OM_C_race__tuple_T_input__raw_rsi_sm_simpl_same_b_wait_: ok fills=195 proj=8ad0ef71cdc5 (17.9s)
BANK_OM_C_race__tuple_T_input__raw_rsi_sm_simpl_same_b_wait__warmup_ready: ok fills=185 proj=010e2f8c25ff (18.1s)
BANK_OM_C_race__tuple_T_a_exec_set_h_warmup_ready: ok fills=127 proj=2a6b13c63529 (17.9s)
BANK_OM_C_race__tuple_T_a_exec_set_h_same_b_wait_: ok fills=131 proj=dce9f6beaada (18.5s)
BANK_OM_C_race__tuple_T_a_exec_set_h_same_b_wait__warmup_ready: ok fills=127 proj=2a6b13c63529 (19.5s)
BANK_OM_C_race__tuple_T_a_exec_set_h_rsi_sm_simpl: ok fills=179 proj=85dba95d53ca (25.2s)
BANK_OM_C_race__tuple_T_a_exec_set_h_rsi_sm_simpl_warmup_ready: ok fills=169 proj=a4e72031b303 (19.9s)
BANK_OM_C_race__tuple_T_a_exec_set_h_rsi_sm_simpl_same_b_wait_: ok fills=179 proj=85dba95d53ca (20.5s)
BANK_OM_C_race__tuple_T_a_exec_set_h_rsi_sm_simpl_same_b_wait__warmup_ready: ok fills=169 proj=a4e72031b303 (20.9s)
BANK_OM_C_race__tuple_T_a_exec_set_h_input__raw: ok fills=155 proj=9d5cd406e4c1 (20.9s)
BANK_OM_C_race__tuple_T_a_exec_set_h_input__raw_warmup_ready: ok fills=151 proj=1fcb2bb569f1 (20.1s)
BANK_OM_C_race__tuple_T_a_exec_set_h_input__raw_same_b_wait_: ok fills=155 proj=9d5cd406e4c1 (19.5s)
BANK_OM_C_race__tuple_T_a_exec_set_h_input__raw_same_b_wait__warmup_ready: ok fills=151 proj=1fcb2bb569f1 (21.2s)
BANK_OM_C_race__tuple_T_a_exec_set_h_input__raw_rsi_sm_simpl: ok fills=195 proj=352c016f1a68 (20.0s)
BANK_OM_C_race__tuple_T_a_exec_set_h_input__raw_rsi_sm_simpl_warmup_ready: ok fills=185 proj=e1ecd0d318a5 (19.0s)
BANK_OM_C_race__tuple_T_a_exec_set_h_input__raw_rsi_sm_simpl_same_b_wait_: ok fills=195 proj=352c016f1a68 (17.3s)
BANK_OM_C_race__tuple_T_a_exec_set_h_input__raw_rsi_sm_simpl_same_b_wait__warmup_ready: ok fills=185 proj=e1ecd0d318a5 (21.2s)
BANK_OM_C_sequence__tuple_T_same_b_wait__warmup_ready: ok fills=91 proj=b3d45912792e (22.7s)
BANK_OM_C_sequence__tuple_T_rsi_sm_simpl_warmup_ready: ok fills=94 proj=706dccd57b6d (19.4s)
BANK_OM_C_sequence__tuple_T_rsi_sm_simpl_same_b_wait_: ok fills=94 proj=706dccd57b6d (20.8s)
BANK_OM_C_sequence__tuple_T_rsi_sm_simpl_same_b_wait__warmup_ready: ok fills=94 proj=706dccd57b6d (23.7s)
BANK_OM_C_sequence__tuple_T_input__raw_warmup_ready: ok fills=111 proj=22ead6dcd87f (21.2s)
BANK_OM_C_sequence__tuple_T_input__raw_same_b_wait_: ok fills=111 proj=22ead6dcd87f (22.7s)
BANK_OM_C_sequence__tuple_T_input__raw_same_b_wait__warmup_ready: ok fills=111 proj=22ead6dcd87f (20.2s)
BANK_OM_C_sequence__tuple_T_input__raw_rsi_sm_simpl: ok fills=114 proj=7813a878a58e (22.3s)
BANK_OM_C_sequence__tuple_T_input__raw_rsi_sm_simpl_warmup_ready: ok fills=114 proj=7813a878a58e (19.6s)
BANK_OM_C_sequence__tuple_T_input__raw_rsi_sm_simpl_same_b_wait_: ok fills=114 proj=7813a878a58e (20.1s)
BANK_OM_C_sequence__tuple_T_input__raw_rsi_sm_simpl_same_b_wait__warmup_ready: ok fills=114 proj=7813a878a58e (21.8s)
BANK_OM_C_sequence__tuple_T_a_exec_set_h_warmup_ready: ok fills=91 proj=7037a510c9f0 (22.7s)
BANK_OM_C_sequence__tuple_T_a_exec_set_h_same_b_wait_: ok fills=91 proj=7037a510c9f0 (21.1s)
BANK_OM_C_sequence__tuple_T_a_exec_set_h_same_b_wait__warmup_ready: ok fills=91 proj=7037a510c9f0 (22.7s)
BANK_OM_C_sequence__tuple_T_a_exec_set_h_rsi_sm_simpl: ok fills=94 proj=68046004bb16 (20.6s)
BANK_OM_C_sequence__tuple_T_a_exec_set_h_rsi_sm_simpl_warmup_ready: ok fills=94 proj=68046004bb16 (18.0s)
BANK_OM_C_sequence__tuple_T_a_exec_set_h_rsi_sm_simpl_same_b_wait_: ok fills=94 proj=68046004bb16 (16.6s)
BANK_OM_C_sequence__tuple_T_a_exec_set_h_rsi_sm_simpl_same_b_wait__warmup_ready: ok fills=94 proj=68046004bb16 (15.7s)
BANK_OM_C_sequence__tuple_T_a_exec_set_h_input__raw: ok fills=111 proj=1a4a581da5cc (16.5s)
BANK_OM_C_sequence__tuple_T_a_exec_set_h_input__raw_warmup_ready: ok fills=111 proj=1a4a581da5cc (14.3s)
BANK_OM_C_sequence__tuple_T_a_exec_set_h_input__raw_same_b_wait_: ok fills=111 proj=1a4a581da5cc (16.1s)
BANK_OM_C_sequence__tuple_T_a_exec_set_h_input__raw_same_b_wait__warmup_ready: ok fills=111 proj=1a4a581da5cc (15.9s)
BANK_OM_C_sequence__tuple_T_a_exec_set_h_input__raw_rsi_sm_simpl: ok fills=114 proj=d37ab1ea5ae5 (15.5s)
BANK_OM_C_sequence__tuple_T_a_exec_set_h_input__raw_rsi_sm_simpl_warmup_ready: ok fills=114 proj=d37ab1ea5ae5 (15.0s)
BANK_OM_C_sequence__tuple_T_a_exec_set_h_input__raw_rsi_sm_simpl_same_b_wait_: ok fills=114 proj=d37ab1ea5ae5 (14.9s)
BANK_OM_C_sequence__tuple_T_a_exec_set_h_input__raw_rsi_sm_simpl_same_b_wait__warmup_ready: ok fills=114 proj=d37ab1ea5ae5 (14.9s)
BANK_PX_01_c5000__tuple_T_same_b_wait__warmup_ready: ok fills=262 proj=aaf757610359 (15.6s)
BANK_PX_01_c5000__tuple_T_rsi_sm_simpl_warmup_ready: ok fills=306 proj=97b39498bfd3 (16.1s)
BANK_PX_01_c5000__tuple_T_rsi_sm_simpl_same_b_wait_: ok fills=306 proj=1dec032ece7d (16.0s)
BANK_PX_01_c5000__tuple_T_rsi_sm_simpl_same_b_wait__warmup_ready: ok fills=296 proj=bf2daf788e31 (15.1s)
BANK_PX_01_c5000__tuple_T_input__raw_warmup_ready: ok fills=276 proj=55fe81165a4c (16.3s)
BANK_PX_01_c5000__tuple_T_input__raw_same_b_wait_: ok fills=278 proj=e5d122ba36ed (16.0s)
BANK_PX_01_c5000__tuple_T_input__raw_same_b_wait__warmup_ready: ok fills=274 proj=dfc3f0f16594 (16.5s)
BANK_PX_01_c5000__tuple_T_input__raw_rsi_sm_simpl: ok fills=338 proj=37d1dfbf148b (16.8s)
BANK_PX_01_c5000__tuple_T_input__raw_rsi_sm_simpl_warmup_ready: ok fills=324 proj=9639501d8282 (15.6s)
BANK_PX_01_c5000__tuple_T_input__raw_rsi_sm_simpl_same_b_wait_: ok fills=324 proj=b9815abc4053 (15.8s)
BANK_PX_01_c5000__tuple_T_input__raw_rsi_sm_simpl_same_b_wait__warmup_ready: ok fills=314 proj=b5f212b3ff2c (15.7s)
BANK_PX_01_c10000__tuple_T_same_b_wait__warmup_ready: ok fills=262 proj=8b9ec4ede697 (15.8s)
BANK_PX_01_c10000__tuple_T_rsi_sm_simpl_warmup_ready: ok fills=306 proj=cc6c496ac885 (14.9s)
BANK_PX_01_c10000__tuple_T_rsi_sm_simpl_same_b_wait_: ok fills=306 proj=11989f4c4d61 (14.2s)
BANK_PX_01_c10000__tuple_T_rsi_sm_simpl_same_b_wait__warmup_ready: ok fills=296 proj=7ae92f232974 (15.2s)
BANK_PX_01_c10000__tuple_T_input__raw_warmup_ready: ok fills=276 proj=8943789a85c3 (14.6s)
BANK_PX_01_c10000__tuple_T_input__raw_same_b_wait_: ok fills=278 proj=c3ed6a0f2c61 (15.7s)
BANK_PX_01_c10000__tuple_T_input__raw_same_b_wait__warmup_ready: ok fills=274 proj=ce70f3fb99d1 (14.0s)
BANK_PX_01_c10000__tuple_T_input__raw_rsi_sm_simpl: ok fills=338 proj=31277643135d (14.6s)
BANK_PX_01_c10000__tuple_T_input__raw_rsi_sm_simpl_warmup_ready: ok fills=324 proj=2ef04d495d95 (14.9s)
BANK_PX_01_c10000__tuple_T_input__raw_rsi_sm_simpl_same_b_wait_: ok fills=324 proj=f9f77aad1ca0 (14.5s)
BANK_PX_01_c10000__tuple_T_input__raw_rsi_sm_simpl_same_b_wait__warmup_ready: ok fills=314 proj=067e22f80df5 (14.5s)
BANK_PX_01_c20000__tuple_T_same_b_wait__warmup_ready: ok fills=262 proj=7f847b51f0e7 (14.4s)
BANK_PX_01_c20000__tuple_T_rsi_sm_simpl_warmup_ready: ok fills=306 proj=ea1af049b138 (14.3s)
BANK_PX_01_c20000__tuple_T_rsi_sm_simpl_same_b_wait_: ok fills=306 proj=a5f7e363d8b5 (13.7s)
BANK_PX_01_c20000__tuple_T_rsi_sm_simpl_same_b_wait__warmup_ready: ok fills=296 proj=3b08d5d3001a (15.2s)
BANK_PX_01_c20000__tuple_T_input__raw_warmup_ready: ok fills=276 proj=eaefb7e8aee3 (15.9s)
BANK_PX_01_c20000__tuple_T_input__raw_same_b_wait_: ok fills=278 proj=91fae6ea02bd (14.5s)
BANK_PX_01_c20000__tuple_T_input__raw_same_b_wait__warmup_ready: ok fills=274 proj=36cac1de6409 (14.3s)
BANK_PX_01_c20000__tuple_T_input__raw_rsi_sm_simpl: ok fills=338 proj=bbdda6d6b86f (14.7s)
BANK_PX_01_c20000__tuple_T_input__raw_rsi_sm_simpl_warmup_ready: ok fills=324 proj=f4c9b0b38d00 (14.3s)
BANK_PX_01_c20000__tuple_T_input__raw_rsi_sm_simpl_same_b_wait_: ok fills=324 proj=c6de77a3b377 (15.0s)
BANK_PX_01_c20000__tuple_T_input__raw_rsi_sm_simpl_same_b_wait__warmup_ready: ok fills=314 proj=7c1928cb44fb (14.6s)
BANK_PX_01_c50000__tuple_T_same_b_wait__warmup_ready: ok fills=262 proj=05cc720036e1 (14.4s)
BANK_PX_01_c50000__tuple_T_rsi_sm_simpl_warmup_ready: ok fills=306 proj=6793122c9c83 (14.3s)
BANK_PX_01_c50000__tuple_T_rsi_sm_simpl_same_b_wait_: ok fills=306 proj=a9184698d09d (14.8s)
BANK_PX_01_c50000__tuple_T_rsi_sm_simpl_same_b_wait__warmup_ready: ok fills=296 proj=8876b5e4f174 (15.3s)
BANK_PX_01_c50000__tuple_T_input__raw_warmup_ready: ok fills=276 proj=3b70e6b5bbcc (14.1s)
BANK_PX_01_c50000__tuple_T_input__raw_same_b_wait_: ok fills=278 proj=90decd847a2a (14.1s)
BANK_PX_01_c50000__tuple_T_input__raw_same_b_wait__warmup_ready: ok fills=274 proj=9ca9c0d854b5 (14.8s)
BANK_PX_01_c50000__tuple_T_input__raw_rsi_sm_simpl: ok fills=338 proj=38bcfe99f9f2 (14.8s)
BANK_PX_01_c50000__tuple_T_input__raw_rsi_sm_simpl_warmup_ready: ok fills=324 proj=1872dfa314ca (14.7s)
BANK_PX_01_c50000__tuple_T_input__raw_rsi_sm_simpl_same_b_wait_: ok fills=324 proj=6e9f9afdf077 (14.9s)
BANK_PX_01_c50000__tuple_T_input__raw_rsi_sm_simpl_same_b_wait__warmup_ready: ok fills=314 proj=402e48f96c95 (14.9s)
tuple completion done
